f:\files\repos\brutalistinstruments\examplenxp\examplearchivetarget\cmsis\core\include\core_cm7.h:2041:22:__NVIC_SetPriority	16	static
f:\files\repos\brutalistinstruments\examplenxp\examplearchivetarget\cmsis\core\include\core_cm7.h:2259:26:SysTick_Config	16	static
f:\files\repos\brutalistinstruments\examplenxp\examplearchivetarget\devices\mimxrt1052\drivers\fsl_clock.h:1377:20:CLOCK_SetMux	24	static
f:\files\repos\brutalistinstruments\examplenxp\examplearchivetarget\devices\mimxrt1052\drivers\fsl_clock.h:1429:20:CLOCK_SetDiv	24	static
F:/Files/Repos/BrutalistInstruments/YetAnotherExampleFolder/evkbimxrt1050_new_project/main.c:39:6:SysTick_Handler	4	static
F:/Files/Repos/BrutalistInstruments/YetAnotherExampleFolder/evkbimxrt1050_new_project/main.c:45:6:SysTick_DelayTicks	24	static
F:/Files/Repos/BrutalistInstruments/YetAnotherExampleFolder/evkbimxrt1050_new_project/main.c:59:5:main	8	static
