Archive member included to satisfy reference by file (symbol)

c:/nxp/mcuxpressoide_11.9.0_2144/ide/tools/bin/../lib/gcc/arm-none-eabi/12.3.1/thumb/v7e-m+dp/hard\libgcc.a(_aeabi_uldivmod.o)
                              CMakeFiles/new_project.elf.dir/F_/Files/Repos/BrutalistInstruments/ExampleNXP/ExampleArchiveTarget/devices/MIMXRT1052/system_MIMXRT1052.c.obj (__aeabi_uldivmod)
c:/nxp/mcuxpressoide_11.9.0_2144/ide/tools/bin/../lib/gcc/arm-none-eabi/12.3.1/thumb/v7e-m+dp/hard\libgcc.a(_udivmoddi4.o)
                              c:/nxp/mcuxpressoide_11.9.0_2144/ide/tools/bin/../lib/gcc/arm-none-eabi/12.3.1/thumb/v7e-m+dp/hard\libgcc.a(_aeabi_uldivmod.o) (__udivmoddi4)
c:/nxp/mcuxpressoide_11.9.0_2144/ide/tools/bin/../lib/gcc/arm-none-eabi/12.3.1/thumb/v7e-m+dp/hard\libgcc.a(_dvmd_tls.o)
                              c:/nxp/mcuxpressoide_11.9.0_2144/ide/tools/bin/../lib/gcc/arm-none-eabi/12.3.1/thumb/v7e-m+dp/hard\libgcc.a(_aeabi_uldivmod.o) (__aeabi_ldiv0)
c:/nxp/mcuxpressoide_11.9.0_2144/ide/tools/bin/../lib/gcc/arm-none-eabi/12.3.1/thumb/v7e-m+dp/hard\libc_nano.a(libc_a-exit.o)
                              c:/nxp/mcuxpressoide_11.9.0_2144/ide/tools/bin/../lib/gcc/arm-none-eabi/12.3.1/thumb/v7e-m+dp/hard/crt0.o (exit)
c:/nxp/mcuxpressoide_11.9.0_2144/ide/tools/bin/../lib/gcc/arm-none-eabi/12.3.1/thumb/v7e-m+dp/hard\libc_nano.a(libc_a-malloc.o)
                              CMakeFiles/new_project.elf.dir/F_/Files/Repos/BrutalistInstruments/ExampleNXP/ExampleArchiveTarget/devices/MIMXRT1052/drivers/fsl_common.c.obj (malloc)
c:/nxp/mcuxpressoide_11.9.0_2144/ide/tools/bin/../lib/gcc/arm-none-eabi/12.3.1/thumb/v7e-m+dp/hard\libc_nano.a(libc_a-mallocr.o)
                              c:/nxp/mcuxpressoide_11.9.0_2144/ide/tools/bin/../lib/gcc/arm-none-eabi/12.3.1/thumb/v7e-m+dp/hard\libc_nano.a(libc_a-malloc.o) (_malloc_r)
c:/nxp/mcuxpressoide_11.9.0_2144/ide/tools/bin/../lib/gcc/arm-none-eabi/12.3.1/thumb/v7e-m+dp/hard\libc_nano.a(libc_a-mlock.o)
                              c:/nxp/mcuxpressoide_11.9.0_2144/ide/tools/bin/../lib/gcc/arm-none-eabi/12.3.1/thumb/v7e-m+dp/hard\libc_nano.a(libc_a-mallocr.o) (__malloc_lock)
c:/nxp/mcuxpressoide_11.9.0_2144/ide/tools/bin/../lib/gcc/arm-none-eabi/12.3.1/thumb/v7e-m+dp/hard\libc_nano.a(libc_a-strtoul.o)
                              CMakeFiles/new_project.elf.dir/F_/Files/Repos/BrutalistInstruments/ExampleNXP/ExampleArchiveTarget/devices/MIMXRT1052/utilities/str/fsl_str.c.obj (strtoul)
c:/nxp/mcuxpressoide_11.9.0_2144/ide/tools/bin/../lib/gcc/arm-none-eabi/12.3.1/thumb/v7e-m+dp/hard\libc_nano.a(libc_a-ctype_.o)
                              c:/nxp/mcuxpressoide_11.9.0_2144/ide/tools/bin/../lib/gcc/arm-none-eabi/12.3.1/thumb/v7e-m+dp/hard\libc_nano.a(libc_a-strtoul.o) (_ctype_)
c:/nxp/mcuxpressoide_11.9.0_2144/ide/tools/bin/../lib/gcc/arm-none-eabi/12.3.1/thumb/v7e-m+dp/hard\libc_nano.a(libc_a-findfp.o)
                              c:/nxp/mcuxpressoide_11.9.0_2144/ide/tools/bin/../lib/gcc/arm-none-eabi/12.3.1/thumb/v7e-m+dp/hard\libc_nano.a(libc_a-exit.o) (__stdio_exit_handler)
c:/nxp/mcuxpressoide_11.9.0_2144/ide/tools/bin/../lib/gcc/arm-none-eabi/12.3.1/thumb/v7e-m+dp/hard\libc_nano.a(libc_a-fwalk.o)
                              c:/nxp/mcuxpressoide_11.9.0_2144/ide/tools/bin/../lib/gcc/arm-none-eabi/12.3.1/thumb/v7e-m+dp/hard\libc_nano.a(libc_a-findfp.o) (_fwalk_sglue)
c:/nxp/mcuxpressoide_11.9.0_2144/ide/tools/bin/../lib/gcc/arm-none-eabi/12.3.1/thumb/v7e-m+dp/hard\libc_nano.a(libc_a-stdio.o)
                              c:/nxp/mcuxpressoide_11.9.0_2144/ide/tools/bin/../lib/gcc/arm-none-eabi/12.3.1/thumb/v7e-m+dp/hard\libc_nano.a(libc_a-findfp.o) (__sread)
c:/nxp/mcuxpressoide_11.9.0_2144/ide/tools/bin/../lib/gcc/arm-none-eabi/12.3.1/thumb/v7e-m+dp/hard\libc_nano.a(libc_a-memset.o)
                              c:/nxp/mcuxpressoide_11.9.0_2144/ide/tools/bin/../lib/gcc/arm-none-eabi/12.3.1/thumb/v7e-m+dp/hard/crt0.o (memset)
c:/nxp/mcuxpressoide_11.9.0_2144/ide/tools/bin/../lib/gcc/arm-none-eabi/12.3.1/thumb/v7e-m+dp/hard\libc_nano.a(libc_a-closer.o)
                              c:/nxp/mcuxpressoide_11.9.0_2144/ide/tools/bin/../lib/gcc/arm-none-eabi/12.3.1/thumb/v7e-m+dp/hard\libc_nano.a(libc_a-stdio.o) (_close_r)
c:/nxp/mcuxpressoide_11.9.0_2144/ide/tools/bin/../lib/gcc/arm-none-eabi/12.3.1/thumb/v7e-m+dp/hard\libc_nano.a(libc_a-reent.o)
                              c:/nxp/mcuxpressoide_11.9.0_2144/ide/tools/bin/../lib/gcc/arm-none-eabi/12.3.1/thumb/v7e-m+dp/hard\libc_nano.a(libc_a-closer.o) (errno)
c:/nxp/mcuxpressoide_11.9.0_2144/ide/tools/bin/../lib/gcc/arm-none-eabi/12.3.1/thumb/v7e-m+dp/hard\libc_nano.a(libc_a-impure.o)
                              c:/nxp/mcuxpressoide_11.9.0_2144/ide/tools/bin/../lib/gcc/arm-none-eabi/12.3.1/thumb/v7e-m+dp/hard\libc_nano.a(libc_a-malloc.o) (_impure_ptr)
c:/nxp/mcuxpressoide_11.9.0_2144/ide/tools/bin/../lib/gcc/arm-none-eabi/12.3.1/thumb/v7e-m+dp/hard\libc_nano.a(libc_a-lseekr.o)
[...]
Memory Configuration

Name             Origin             Length             Attributes
m_interrupts     0x00000000         0x00000400         xr
m_text           0x00000400         0x0001fc00         xr
m_data           0x20000000         0x00020000         rw
m_data2          0x20200000         0x00040000         rw
*default*        0x00000000         0xffffffff

Linker script and memory map

LOAD c:/nxp/mcuxpressoide_11.9.0_2144/ide/tools/bin/../lib/gcc/arm-none-eabi/12.3.1/thumb/v7e-m+dp/hard/crti.o
LOAD c:/nxp/mcuxpressoide_11.9.0_2144/ide/tools/bin/../lib/gcc/arm-none-eabi/12.3.1/thumb/v7e-m+dp/hard/crtbegin.o
LOAD c:/nxp/mcuxpressoide_11.9.0_2144/ide/tools/bin/../lib/gcc/arm-none-eabi/12.3.1/thumb/v7e-m+dp/hard/crt0.o
LOAD CMakeFiles/new_project.elf.dir/F_/Files/Repos/BrutalistInstruments/YetAnotherExampleFolder/evkbimxrt1050_new_project/main.c.obj
LOAD CMakeFiles/new_project.elf.dir/F_/Files/Repos/BrutalistInstruments/YetAnotherExampleFolder/evkbimxrt1050_new_project/peripherals.c.obj
LOAD CMakeFiles/new_project.elf.dir/F_/Files/Repos/BrutalistInstruments/YetAnotherExampleFolder/evkbimxrt1050_new_project/pin_mux.c.obj
LOAD CMakeFiles/new_project.elf.dir/F_/Files/Repos/BrutalistInstruments/YetAnotherExampleFolder/evkbimxrt1050_new_project/board.c.obj
LOAD CMakeFiles/new_project.elf.dir/F_/Files/Repos/BrutalistInstruments/YetAnotherExampleFolder/evkbimxrt1050_new_project/clock_config.c.obj
LOAD CMakeFiles/new_project.elf.dir/F_/Files/Repos/BrutalistInstruments/YetAnotherExampleFolder/evkbimxrt1050_new_project/dcd.c.obj
LOAD CMakeFiles/new_project.elf.dir/F_/Files/Repos/BrutalistInstruments/ExampleNXP/ExampleArchiveTarget/components/lists/fsl_component_generic_list.c.obj
LOAD CMakeFiles/new_project.elf.dir/F_/Files/Repos/BrutalistInstruments/ExampleNXP/ExampleArchiveTarget/components/uart/fsl_adapter_lpuart.c.obj
LOAD CMakeFiles/new_project.elf.dir/39572e0520b83c42fd8c8d413680248b/ExampleArchiveTarget/components/serial_manager/fsl_component_serial_manager.c.obj
LOAD CMakeFiles/new_project.elf.dir/39572e0520b83c42fd8c8d413680248b/ExampleArchiveTarget/components/serial_manager/fsl_component_serial_port_uart.c.obj
LOAD CMakeFiles/new_project.elf.dir/F_/Files/Repos/BrutalistInstruments/ExampleNXP/ExampleArchiveTarget/devices/MIMXRT1052/gcc/startup_MIMXRT1052.S.obj
LOAD CMakeFiles/new_project.elf.dir/F_/Files/Repos/BrutalistInstruments/ExampleNXP/ExampleArchiveTarget/devices/MIMXRT1052/system_MIMXRT1052.c.obj
LOAD CMakeFiles/new_project.elf.dir/F_/Files/Repos/BrutalistInstruments/ExampleNXP/ExampleArchiveTarget/devices/MIMXRT1052/drivers/fsl_clock.c.obj
LOAD CMakeFiles/new_project.elf.dir/F_/Files/Repos/BrutalistInstruments/ExampleNXP/ExampleArchiveTarget/devices/MIMXRT1052/drivers/fsl_common.c.obj
LOAD CMakeFiles/new_project.elf.dir/F_/Files/Repos/BrutalistInstruments/ExampleNXP/ExampleArchiveTarget/devices/MIMXRT1052/drivers/fsl_common_arm.c.obj
LOAD CMakeFiles/new_project.elf.dir/F_/Files/Repos/BrutalistInstruments/ExampleNXP/ExampleArchiveTarget/devices/MIMXRT1052/drivers/fsl_gpio.c.obj
LOAD CMakeFiles/new_project.elf.dir/F_/Files/Repos/BrutalistInstruments/ExampleNXP/ExampleArchiveTarget/devices/MIMXRT1052/drivers/fsl_lpuart.c.obj
LOAD CMakeFiles/new_project.elf.dir/39572e0520b83c42fd8c8d413680248b/ExampleArchiveTarget/boards/evkbimxrt1050/xip/evkbimxrt1050_flexspi_nor_config.c.obj
LOAD CMakeFiles/new_project.elf.dir/F_/Files/Repos/BrutalistInstruments/ExampleNXP/ExampleArchiveTarget/devices/MIMXRT1052/xip/fsl_flexspi_nor_boot.c.obj
LOAD CMakeFiles/new_project.elf.dir/F_/Files/Repos/BrutalistInstruments/ExampleNXP/ExampleArchiveTarget/devices/MIMXRT1052/utilities/fsl_sbrk.c.obj
LOAD CMakeFiles/new_project.elf.dir/98b88c40a635d4ec76d341418e99fc7f/ExampleNXP/ExampleArchiveTarget/devices/MIMXRT1052/utilities/fsl_syscall_stub.c.obj
LOAD CMakeFiles/new_project.elf.dir/F_/Files/Repos/BrutalistInstruments/ExampleNXP/ExampleArchiveTarget/devices/MIMXRT1052/utilities/fsl_memcpy.S.obj
LOAD CMakeFiles/new_project.elf.dir/F_/Files/Repos/BrutalistInstruments/ExampleNXP/ExampleArchiveTarget/devices/MIMXRT1052/utilities/fsl_assert.c.obj
LOAD CMakeFiles/new_project.elf.dir/F_/Files/Repos/BrutalistInstruments/ExampleNXP/ExampleArchiveTarget/devices/MIMXRT1052/utilities/str/fsl_str.c.obj
LOAD CMakeFiles/new_project.elf.dir/1e21db0b2d35ea1dce73595b392aafc6/devices/MIMXRT1052/utilities/debug_console/fsl_debug_console.c.obj
START GROUP
LOAD c:/nxp/mcuxpressoide_11.9.0_2144/ide/tools/bin/../lib/gcc/arm-none-eabi/12.3.1/thumb/v7e-m+dp/hard\libgcc.a
LOAD c:/nxp/mcuxpressoide_11.9.0_2144/ide/tools/bin/../lib/gcc/arm-none-eabi/12.3.1/thumb/v7e-m+dp/hard\libc_nano.a
LOAD c:/nxp/mcuxpressoide_11.9.0_2144/ide/tools/bin/../lib/gcc/arm-none-eabi/12.3.1/thumb/v7e-m+dp/hard\libm.a
LOAD c:/nxp/mcuxpressoide_11.9.0_2144/ide/tools/bin/../lib/gcc/arm-none-eabi/12.3.1/../../../../arm-none-eabi/lib/thumb/v7e-m+dp/hard\libcr_newlib_nohost.a
END GROUP
START GROUP
LOAD c:/nxp/mcuxpressoide_11.9.0_2144/ide/tools/bin/../lib/gcc/arm-none-eabi/12.3.1/thumb/v7e-m+dp/hard\libgcc.a
LOAD c:/nxp/mcuxpressoide_11.9.0_2144/ide/tools/bin/../lib/gcc/arm-none-eabi/12.3.1/thumb/v7e-m+dp/hard\libg_nano.a
LOAD c:/nxp/mcuxpressoide_11.9.0_2144/ide/tools/bin/../lib/gcc/arm-none-eabi/12.3.1/thumb/v7e-m+dp/hard\libc_nano.a
END GROUP
START GROUP
LOAD c:/nxp/mcuxpressoide_11.9.0_2144/ide/tools/bin/../lib/gcc/arm-none-eabi/12.3.1/thumb/v7e-m+dp/hard\libgcc.a
LOAD c:/nxp/mcuxpressoide_11.9.0_2144/ide/tools/bin/../lib/gcc/arm-none-eabi/12.3.1/thumb/v7e-m+dp/hard\libc_nano.a
LOAD c:/nxp/mcuxpressoide_11.9.0_2144/ide/tools/bin/../lib/gcc/arm-none-eabi/12.3.1/thumb/v7e-m+dp/hard\libnosys.a
END GROUP
START GROUP
LOAD c:/nxp/mcuxpressoide_11.9.0_2144/ide/tools/bin/../lib/gcc/arm-none-eabi/12.3.1/thumb/v7e-m+dp/hard\libgcc.a
LOAD c:/nxp/mcuxpressoide_11.9.0_2144/ide/tools/bin/../lib/gcc/arm-none-eabi/12.3.1/thumb/v7e-m+dp/hard\libc_nano.a
LOAD c:/nxp/mcuxpressoide_11.9.0_2144/ide/tools/bin/../lib/gcc/arm-none-eabi/12.3.1/thumb/v7e-m+dp/hard\libnosys.a
END GROUP
LOAD c:/nxp/mcuxpressoide_11.9.0_2144/ide/tools/bin/../lib/gcc/arm-none-eabi/12.3.1/thumb/v7e-m+dp/hard/crtend.o
LOAD c:/nxp/mcuxpressoide_11.9.0_2144/ide/tools/bin/../lib/gcc/arm-none-eabi/12.3.1/thumb/v7e-m+dp/hard/crtn.o
                0x00000400                        HEAP_SIZE = DEFINED (__heap_size__)?__heap_size__:0x400
                0x00000400                        STACK_SIZE = DEFINED (__stack_size__)?__stack_size__:0x400
                0x20200000                        __NCACHE_REGION_START = ORIGIN (m_data2)
                0x00000000                        __NCACHE_REGION_SIZE = 0x0

.interrupts     0x00000000      0x400
                0x00000000                        __VECTOR_TABLE = .
                0x00000000                        __Vectors = .
                0x00000000                        . = ALIGN (0x4)
 *(.isr_vector)
 .isr_vector    0x00000000      0x400 CMakeFiles/new_project.elf.dir/F_/Files/Repos/BrutalistInstruments/ExampleNXP/ExampleArchiveTarget/devices/MIMXRT1052/gcc/startup_MIMXRT1052.S.obj
                0x00000000                __isr_vector
                0x00000400                        . = ALIGN (0x4)

.text           0x00000400     0x3410
                0x00000400                        . = ALIGN (0x4)
 *(.text)
 .text          0x00000400       0x7c c:/nxp/mcuxpressoide_11.9.0_2144/ide/tools/bin/../lib/gcc/arm-none-eabi/12.3.1/thumb/v7e-m+dp/hard/crt0.o
                0x00000400                _stack_init
                0x00000408                _start
                0x00000408                _mainCRTStartup
 .text          0x0000047c      0x230 CMakeFiles/new_project.elf.dir/F_/Files/Repos/BrutalistInstruments/ExampleNXP/ExampleArchiveTarget/devices/MIMXRT1052/gcc/startup_MIMXRT1052.S.obj
                0x0000047c                Reset_Handler
                0x00000508                PWM1_3_IRQHandler
                0x00000508                LPSPI2_DriverIRQHandler
                0x00000508                SJC_IRQHandler
                0x00000508                ADC_ETC_IRQ0_IRQHandler
                0x00000508                DebugMon_Handler
                0x00000508                SAI3_RX_DriverIRQHandler
                0x00000508                PXP_IRQHandler
                0x00000508                DMA13_DMA29_DriverIRQHandler
                0x00000508                CTI1_ERROR_IRQHandler
                0x00000508                Reserved86_IRQHandler
                0x00000508                SRC_IRQHandler
                0x00000508                LPSPI4_DriverIRQHandler
                0x00000508                PWM3_FAULT_IRQHandler
                0x00000508                GPIO2_Combined_0_15_IRQHandler
                0x00000508                SPDIF_DriverIRQHandler
                0x00000508                GPIO1_INT2_IRQHandler
                0x00000508                CSI_IRQHandler
                0x00000508                SNVS_LP_WRAPPER_IRQHandler
                0x00000508                ENC2_IRQHandler
                0x00000508                PWM2_2_IRQHandler
                0x00000508                LCDIF_IRQHandler
                0x00000508                TRNG_IRQHandler
                0x00000508                PWM4_FAULT_IRQHandler
                0x00000508                TMR1_IRQHandler
                0x00000508                GPIO1_INT7_IRQHandler
                0x00000508                CCM_1_IRQHandler
                0x00000508                CAN1_DriverIRQHandler
                0x00000508                ADC_ETC_IRQ1_IRQHandler
                0x00000508                PWM4_0_IRQHandler
                0x00000508                DMA_ERROR_DriverIRQHandler
                0x00000508                LPI2C2_DriverIRQHandler
                0x00000508                ENC4_IRQHandler
                0x00000508                DMA7_DMA23_DriverIRQHandler
                0x00000508                CTI0_ERROR_IRQHandler
                0x00000508                GPIO5_Combined_0_15_IRQHandler
                0x00000508                PWM1_0_IRQHandler
                0x00000508                Reserved68_IRQHandler
                0x00000508                LPI2C3_DriverIRQHandler
                0x00000508                LPSPI3_DriverIRQHandler
                0x00000508                USB_PHY2_IRQHandler
                0x00000508                GPIO4_Combined_16_31_IRQHandler
                0x00000508                TSC_DIG_IRQHandler
                0x00000508                DMA15_DMA31_DriverIRQHandler
                0x00000508                GPIO4_Combined_0_15_IRQHandler
                0x00000508                Reserved87_IRQHandler
                0x00000508                BusFault_Handler
                0x00000508                PWM2_0_IRQHandler
                0x00000508                DCP_VMI_IRQHandler
                0x00000508                ACMP1_IRQHandler
                0x00000508                DMA14_DMA30_DriverIRQHandler
                0x00000508                ENET_1588_Timer_DriverIRQHandler
                0x00000508                DMA5_DMA21_DriverIRQHandler
                0x00000508                PWM2_1_IRQHandler
                0x00000508                FLEXRAM_IRQHandler
                0x00000508                PWM2_FAULT_IRQHandler
                0x00000508                FLEXIO2_DriverIRQHandler
                0x00000508                UsageFault_Handler
                0x00000508                WDOG1_IRQHandler
                0x00000508                GPT2_IRQHandler
                0x00000508                PMU_EVENT_IRQHandler
                0x00000508                GPT1_IRQHandler
                0x00000508                ACMP2_IRQHandler
                0x00000508                PWM4_1_IRQHandler
                0x00000508                USB_OTG2_IRQHandler
                0x00000508                ACMP4_IRQHandler
                0x00000508                SEMC_IRQHandler
                0x00000508                DMA0_DMA16_DriverIRQHandler
                0x00000508                DefaultISR
                0x00000508                PWM1_1_IRQHandler
                0x00000508                SAI3_TX_DriverIRQHandler
                0x00000508                DMA2_DMA18_DriverIRQHandler
                0x00000508                PWM3_0_IRQHandler
                0x00000508                USDHC1_DriverIRQHandler
                0x00000508                PWM3_3_IRQHandler
                0x00000508                GPIO1_INT0_IRQHandler
                0x00000508                SNVS_HP_WRAPPER_TZ_IRQHandler
                0x00000508                CSU_IRQHandler
                0x00000508                XBAR1_IRQ_0_1_IRQHandler
                0x00000508                ADC1_IRQHandler
                0x00000508                FLEXIO1_DriverIRQHandler
                0x00000508                ENET_DriverIRQHandler
                0x00000508                GPIO1_Combined_16_31_IRQHandler
                0x00000508                TMR3_IRQHandler
                0x00000508                RTWDOG_IRQHandler
                0x00000508                USB_PHY1_IRQHandler
                0x00000508                Reserved78_IRQHandler
                0x00000508                SAI1_DriverIRQHandler
                0x00000508                DMA12_DMA28_DriverIRQHandler
                0x00000508                ENC3_IRQHandler
                0x00000508                GPIO3_Combined_16_31_IRQHandler
                0x00000508                EWM_IRQHandler
                0x00000508                TEMP_LOW_HIGH_IRQHandler
                0x00000508                WDOG2_IRQHandler
                0x00000508                GPIO1_INT5_IRQHandler
                0x00000508                FLEXSPI_DriverIRQHandler
                0x00000508                LPI2C4_DriverIRQHandler
                0x00000508                PWM3_1_IRQHandler
                0x00000508                PWM2_3_IRQHandler
                0x00000508                GPIO2_Combined_16_31_IRQHandler
                0x00000508                CORE_IRQHandler
                0x00000508                Reserved143_IRQHandler
                0x00000508                PWM1_FAULT_IRQHandler
                0x00000508                DMA10_DMA26_DriverIRQHandler
                0x00000508                TEMP_PANIC_IRQHandler
                0x00000508                GPIO1_INT6_IRQHandler
                0x00000508                PWM1_2_IRQHandler
                0x00000508                Reserved144_IRQHandler
                0x00000508                GPR_IRQ_IRQHandler
                0x00000508                GPC_IRQHandler
                0x00000508                DCDC_IRQHandler
                0x00000508                GPIO3_Combined_0_15_IRQHandler
                0x00000508                PWM4_3_IRQHandler
                0x00000508                ENC1_IRQHandler
                0x00000508                DMA1_DMA17_DriverIRQHandler
                0x00000508                USB_OTG1_IRQHandler
                0x00000508                CAN2_DriverIRQHandler
                0x00000508                ACMP3_IRQHandler
                0x00000508                GPIO5_Combined_16_31_IRQHandler
                0x00000508                TMR2_IRQHandler
                0x00000508                ADC_ETC_ERROR_IRQ_IRQHandler
                0x00000508                DMA8_DMA24_DriverIRQHandler
                0x00000508                PWM4_2_IRQHandler
                0x00000508                DMA6_DMA22_DriverIRQHandler
                0x00000508                BEE_IRQHandler
                0x00000508                GPIO1_INT1_IRQHandler
                0x00000508                TMR4_IRQHandler
                0x00000508                ADC_ETC_IRQ2_IRQHandler
                0x00000508                GPIO1_INT4_IRQHandler
                0x00000508                CCM_2_IRQHandler
                0x00000508                KPP_IRQHandler
                0x00000508                DMA3_DMA19_DriverIRQHandler
                0x00000508                ADC2_IRQHandler
                0x00000508                USDHC2_DriverIRQHandler
                0x00000508                MemManage_Handler
                0x00000508                SAI2_DriverIRQHandler
                0x00000508                LPSPI1_DriverIRQHandler
                0x00000508                PIT_IRQHandler
                0x00000508                Reserved115_IRQHandler
                0x00000508                SNVS_HP_WRAPPER_IRQHandler
                0x00000508                GPIO1_Combined_0_15_IRQHandler
                0x00000508                DMA11_DMA27_DriverIRQHandler
                0x00000508                DMA9_DMA25_DriverIRQHandler
                0x00000508                XBAR1_IRQ_2_3_IRQHandler
                0x00000508                PWM3_2_IRQHandler
                0x00000508                LPI2C1_DriverIRQHandler
                0x00000508                DCP_IRQHandler
                0x00000508                Reserved123_IRQHandler
                0x00000508                GPIO1_INT3_IRQHandler
                0x00000508                DMA4_DMA20_DriverIRQHandler
                0x0000050c                NMI_Handler
                0x00000510                HardFault_Handler
                0x00000514                SVC_Handler
                0x00000518                PendSV_Handler
                0x00000520                DMA0_DMA16_IRQHandler
                0x00000524                DMA1_DMA17_IRQHandler
                0x00000528                DMA2_DMA18_IRQHandler
                0x0000052c                DMA3_DMA19_IRQHandler
                0x00000530                DMA4_DMA20_IRQHandler
                0x00000534                DMA5_DMA21_IRQHandler
                0x00000538                DMA6_DMA22_IRQHandler
                0x0000053c                DMA7_DMA23_IRQHandler
                0x00000540                DMA8_DMA24_IRQHandler
                0x00000544                DMA9_DMA25_IRQHandler
                0x00000548                DMA10_DMA26_IRQHandler
                0x0000054c                DMA11_DMA27_IRQHandler
                0x00000550                DMA12_DMA28_IRQHandler
                0x00000554                DMA13_DMA29_IRQHandler
                0x00000558                DMA14_DMA30_IRQHandler
                0x0000055c                DMA15_DMA31_IRQHandler
                0x00000560                DMA_ERROR_IRQHandler
                0x00000564                LPUART1_IRQHandler
                0x00000568                LPUART2_IRQHandler
                0x0000056c                LPUART3_IRQHandler
                0x00000570                LPUART4_IRQHandler
                0x00000574                LPUART5_IRQHandler
                0x00000578                LPUART6_IRQHandler
                0x0000057c                LPUART7_IRQHandler
                0x00000580                LPUART8_IRQHandler
                0x00000584                LPI2C1_IRQHandler
                0x00000588                LPI2C2_IRQHandler
                0x0000058c                LPI2C3_IRQHandler
                0x00000590                LPI2C4_IRQHandler
                0x00000594                LPSPI1_IRQHandler
                0x00000598                LPSPI2_IRQHandler
                0x0000059c                LPSPI3_IRQHandler
                0x000005a0                LPSPI4_IRQHandler
                0x000005a4                CAN1_IRQHandler
                0x000005a8                CAN2_IRQHandler
                0x000005ac                SAI1_IRQHandler
                0x000005b0                SAI2_IRQHandler
                0x000005b4                SAI3_RX_IRQHandler
                0x000005b8                SAI3_TX_IRQHandler
                0x000005bc                SPDIF_IRQHandler
                0x000005c0                FLEXIO1_IRQHandler
                0x000005c4                FLEXIO2_IRQHandler
                0x000005c8                FLEXSPI_IRQHandler
                0x000005cc                USDHC1_IRQHandler
                0x000005d0                USDHC2_IRQHandler
                0x000005d4                ENET_IRQHandler
                0x000005d8                ENET_1588_Timer_IRQHandler
 .text          0x000006ac       0xa0 CMakeFiles/new_project.elf.dir/F_/Files/Repos/BrutalistInstruments/ExampleNXP/ExampleArchiveTarget/devices/MIMXRT1052/utilities/fsl_memcpy.S.obj
                0x000006ac                memcpy
 .text          0x0000074c       0x30 c:/nxp/mcuxpressoide_11.9.0_2144/ide/tools/bin/../lib/gcc/arm-none-eabi/12.3.1/thumb/v7e-m+dp/hard\libgcc.a(_aeabi_uldivmod.o)
                0x0000074c                __aeabi_uldivmod
 .text          0x0000077c        0x4 c:/nxp/mcuxpressoide_11.9.0_2144/ide/tools/bin/../lib/gcc/arm-none-eabi/12.3.1/thumb/v7e-m+dp/hard\libgcc.a(_dvmd_tls.o)
                0x0000077c                __aeabi_idiv0
                0x0000077c                __aeabi_ldiv0
 .text          0x00000780       0x10 c:/nxp/mcuxpressoide_11.9.0_2144/ide/tools/bin/../lib/gcc/arm-none-eabi/12.3.1/thumb/v7e-m+dp/hard\libc_nano.a(libc_a-strlen.o)
                0x00000780                strlen
 *(.text*)
 .text.deregister_tm_clones
                0x00000790       0x1c c:/nxp/mcuxpressoide_11.9.0_2144/ide/tools/bin/../lib/gcc/arm-none-eabi/12.3.1/thumb/v7e-m+dp/hard/crtbegin.o
 .text.register_tm_clones
                0x000007ac       0x24 c:/nxp/mcuxpressoide_11.9.0_2144/ide/tools/bin/../lib/gcc/arm-none-eabi/12.3.1/thumb/v7e-m+dp/hard/crtbegin.o
 .text.__do_global_dtors_aux
                0x000007d0       0x28 c:/nxp/mcuxpressoide_11.9.0_2144/ide/tools/bin/../lib/gcc/arm-none-eabi/12.3.1/thumb/v7e-m+dp/hard/crtbegin.o
 .text.frame_dummy
                0x000007f8       0x24 c:/nxp/mcuxpressoide_11.9.0_2144/ide/tools/bin/../lib/gcc/arm-none-eabi/12.3.1/thumb/v7e-m+dp/hard/crtbegin.o
 .text.__NVIC_SetPriority
                0x0000081c       0x54 CMakeFiles/new_project.elf.dir/F_/Files/Repos/BrutalistInstruments/YetAnotherExampleFolder/evkbimxrt1050_new_project/main.c.obj
 .text.SysTick_Config
                0x00000870       0x44 CMakeFiles/new_project.elf.dir/F_/Files/Repos/BrutalistInstruments/YetAnotherExampleFolder/evkbimxrt1050_new_project/main.c.obj
 .text.CLOCK_SetMux
                0x000008b4       0xac CMakeFiles/new_project.elf.dir/F_/Files/Repos/BrutalistInstruments/YetAnotherExampleFolder/evkbimxrt1050_new_project/main.c.obj
 .text.CLOCK_SetDiv
                0x00000960       0xac CMakeFiles/new_project.elf.dir/F_/Files/Repos/BrutalistInstruments/YetAnotherExampleFolder/evkbimxrt1050_new_project/main.c.obj
 .text.SysTick_Handler
                0x00000a0c       0x38 CMakeFiles/new_project.elf.dir/F_/Files/Repos/BrutalistInstruments/YetAnotherExampleFolder/evkbimxrt1050_new_project/main.c.obj
                0x00000a0c                SysTick_Handler
 .text.main     0x00000a44       0x6c CMakeFiles/new_project.elf.dir/F_/Files/Repos/BrutalistInstruments/YetAnotherExampleFolder/evkbimxrt1050_new_project/main.c.obj
                0x00000a44                main
 .text._SDK_AtomicLocalClearAndSet4Byte
                0x00000ab0       0x50 CMakeFiles/new_project.elf.dir/F_/Files/Repos/BrutalistInstruments/YetAnotherExampleFolder/evkbimxrt1050_new_project/pin_mux.c.obj
 .text.CLOCK_ControlGate
                0x00000b00       0x70 CMakeFiles/new_project.elf.dir/F_/Files/Repos/BrutalistInstruments/YetAnotherExampleFolder/evkbimxrt1050_new_project/pin_mux.c.obj
 .text.CLOCK_EnableClock
                0x00000b70       0x1e CMakeFiles/new_project.elf.dir/F_/Files/Repos/BrutalistInstruments/YetAnotherExampleFolder/evkbimxrt1050_new_project/pin_mux.c.obj
 .text.IOMUXC_SetPinMux
                0x00000b8e       0x3a CMakeFiles/new_project.elf.dir/F_/Files/Repos/BrutalistInstruments/YetAnotherExampleFolder/evkbimxrt1050_new_project/pin_mux.c.obj
 .text.IOMUXC_SetPinConfig
                0x00000bc8       0x26 CMakeFiles/new_project.elf.dir/F_/Files/Repos/BrutalistInstruments/YetAnotherExampleFolder/evkbimxrt1050_new_project/pin_mux.c.obj
 .text.BOARD_InitBootPins
                0x00000bee       0x10 CMakeFiles/new_project.elf.dir/F_/Files/Repos/BrutalistInstruments/YetAnotherExampleFolder/evkbimxrt1050_new_project/pin_mux.c.obj
                0x00000bee                BOARD_InitBootPins
 .text.BOARD_InitPins
                0x00000bfe        0xe CMakeFiles/new_project.elf.dir/F_/Files/Repos/BrutalistInstruments/YetAnotherExampleFolder/evkbimxrt1050_new_project/pin_mux.c.obj
                0x00000bfe                BOARD_InitPins
 .text.BOARD_InitDEBUG_UARTPins
                0x00000c0c       0x78 CMakeFiles/new_project.elf.dir/F_/Files/Repos/BrutalistInstruments/YetAnotherExampleFolder/evkbimxrt1050_new_project/pin_mux.c.obj
                0x00000c0c                BOARD_InitDEBUG_UARTPins
 .text.ARM_MPU_Enable
                0x00000c84       0x44 CMakeFiles/new_project.elf.dir/F_/Files/Repos/BrutalistInstruments/YetAnotherExampleFolder/evkbimxrt1050_new_project/board.c.obj
 .text.ARM_MPU_Disable
                0x00000cc8       0x40 CMakeFiles/new_project.elf.dir/F_/Files/Repos/BrutalistInstruments/YetAnotherExampleFolder/evkbimxrt1050_new_project/board.c.obj
 .text.BOARD_ConfigMPU
                0x00000d08      0x328 CMakeFiles/new_project.elf.dir/F_/Files/Repos/BrutalistInstruments/YetAnotherExampleFolder/evkbimxrt1050_new_project/board.c.obj
                0x00000d08                BOARD_ConfigMPU
 .text._SDK_AtomicLocalClearAndSet4Byte
                0x00001030       0x50 CMakeFiles/new_project.elf.dir/F_/Files/Repos/BrutalistInstruments/YetAnotherExampleFolder/evkbimxrt1050_new_project/clock_config.c.obj
 .text.CLOCK_SetMux
                0x00001080       0xac CMakeFiles/new_project.elf.dir/F_/Files/Repos/BrutalistInstruments/YetAnotherExampleFolder/evkbimxrt1050_new_project/clock_config.c.obj
 .text.CLOCK_SetDiv
                0x0000112c       0xac CMakeFiles/new_project.elf.dir/F_/Files/Repos/BrutalistInstruments/YetAnotherExampleFolder/evkbimxrt1050_new_project/clock_config.c.obj
 .text.CLOCK_ControlGate
                0x000011d8       0x70 CMakeFiles/new_project.elf.dir/F_/Files/Repos/BrutalistInstruments/YetAnotherExampleFolder/evkbimxrt1050_new_project/clock_config.c.obj
 .text.CLOCK_DisableClock
                0x00001248       0x1e CMakeFiles/new_project.elf.dir/F_/Files/Repos/BrutalistInstruments/YetAnotherExampleFolder/evkbimxrt1050_new_project/clock_config.c.obj
 *fill*         0x00001266        0x2 
 .text.CLOCK_SetXtalFreq
                0x00001268       0x20 CMakeFiles/new_project.elf.dir/F_/Files/Repos/BrutalistInstruments/YetAnotherExampleFolder/evkbimxrt1050_new_project/clock_config.c.obj
 .text.CLOCK_SetRtcXtalFreq
                0x00001288       0x20 CMakeFiles/new_project.elf.dir/F_/Files/Repos/BrutalistInstruments/YetAnotherExampleFolder/evkbimxrt1050_new_project/clock_config.c.obj
 .text.CLOCK_SetPllBypass
                0x000012a8       0x4e CMakeFiles/new_project.elf.dir/F_/Files/Repos/BrutalistInstruments/YetAnotherExampleFolder/evkbimxrt1050_new_project/clock_config.c.obj
 .text.IOMUXC_SetSaiMClkClockSource
                0x000012f6       0x6c CMakeFiles/new_project.elf.dir/F_/Files/Repos/BrutalistInstruments/YetAnotherExampleFolder/evkbimxrt1050_new_project/clock_config.c.obj
 *fill*         0x00001362        0x2 
 .text.IOMUXC_MQSConfig
                0x00001364       0x44 CMakeFiles/new_project.elf.dir/F_/Files/Repos/BrutalistInstruments/YetAnotherExampleFolder/evkbimxrt1050_new_project/clock_config.c.obj
 .text.BOARD_InitBootClocks
                0x000013a8        0xc CMakeFiles/new_project.elf.dir/F_/Files/Repos/BrutalistInstruments/YetAnotherExampleFolder/evkbimxrt1050_new_project/clock_config.c.obj
                0x000013a8                BOARD_InitBootClocks
 .text.BOARD_BootClockRUN
                0x000013b4      0x6c8 CMakeFiles/new_project.elf.dir/F_/Files/Repos/BrutalistInstruments/YetAnotherExampleFolder/evkbimxrt1050_new_project/clock_config.c.obj
                0x000013b4                BOARD_BootClockRUN
 .text.HAL_UartSendBlocking
                0x00001a7c       0x84 CMakeFiles/new_project.elf.dir/F_/Files/Repos/BrutalistInstruments/ExampleNXP/ExampleArchiveTarget/components/uart/fsl_adapter_lpuart.c.obj
                0x00001a7c                HAL_UartSendBlocking
 .text.SerialManager_StartWriting
                0x00001b00       0x38 CMakeFiles/new_project.elf.dir/39572e0520b83c42fd8c8d413680248b/ExampleArchiveTarget/components/serial_manager/fsl_component_serial_manager.c.obj
 .text.SerialManager_Write
                0x00001b38       0x44 CMakeFiles/new_project.elf.dir/39572e0520b83c42fd8c8d413680248b/ExampleArchiveTarget/components/serial_manager/fsl_component_serial_manager.c.obj
 .text.SerialManager_WriteBlocking
                0x00001b7c       0x20 CMakeFiles/new_project.elf.dir/39572e0520b83c42fd8c8d413680248b/ExampleArchiveTarget/components/serial_manager/fsl_component_serial_manager.c.obj
                0x00001b7c                SerialManager_WriteBlocking
 .text.Serial_UartWrite
                0x00001b9c       0x38 CMakeFiles/new_project.elf.dir/39572e0520b83c42fd8c8d413680248b/ExampleArchiveTarget/components/serial_manager/fsl_component_serial_port_uart.c.obj
                0x00001b9c                Serial_UartWrite
 .text.SystemInit
                0x00001bd4      0x138 CMakeFiles/new_project.elf.dir/F_/Files/Repos/BrutalistInstruments/ExampleNXP/ExampleArchiveTarget/devices/MIMXRT1052/system_MIMXRT1052.c.obj
                0x00001bd4                SystemInit
 .text.SystemCoreClockUpdate
                0x00001d0c      0x214 CMakeFiles/new_project.elf.dir/F_/Files/Repos/BrutalistInstruments/ExampleNXP/ExampleArchiveTarget/devices/MIMXRT1052/system_MIMXRT1052.c.obj
                0x00001d0c                SystemCoreClockUpdate
 .text.SystemInitHook
                0x00001f20        0xe CMakeFiles/new_project.elf.dir/F_/Files/Repos/BrutalistInstruments/ExampleNXP/ExampleArchiveTarget/devices/MIMXRT1052/system_MIMXRT1052.c.obj
                0x00001f20                SystemInitHook
 *fill*         0x00001f2e        0x2 
 .text.CLOCK_InitExternalClk
                0x00001f30       0x78 CMakeFiles/new_project.elf.dir/F_/Files/Repos/BrutalistInstruments/ExampleNXP/ExampleArchiveTarget/devices/MIMXRT1052/drivers/fsl_clock.c.obj
                0x00001f30                CLOCK_InitExternalClk
 .text.CLOCK_SwitchOsc
                0x00001fa8       0x34 CMakeFiles/new_project.elf.dir/F_/Files/Repos/BrutalistInstruments/ExampleNXP/ExampleArchiveTarget/devices/MIMXRT1052/drivers/fsl_clock.c.obj
                0x00001fa8                CLOCK_SwitchOsc
 .text.CLOCK_InitRcOsc24M
                0x00001fdc       0x24 CMakeFiles/new_project.elf.dir/F_/Files/Repos/BrutalistInstruments/ExampleNXP/ExampleArchiveTarget/devices/MIMXRT1052/drivers/fsl_clock.c.obj
                0x00001fdc                CLOCK_InitRcOsc24M
 .text.CLOCK_InitArmPll
                0x00002000       0x68 CMakeFiles/new_project.elf.dir/F_/Files/Repos/BrutalistInstruments/ExampleNXP/ExampleArchiveTarget/devices/MIMXRT1052/drivers/fsl_clock.c.obj
                0x00002000                CLOCK_InitArmPll
 .text.CLOCK_InitSysPll
                0x00002068       0x9c CMakeFiles/new_project.elf.dir/F_/Files/Repos/BrutalistInstruments/ExampleNXP/ExampleArchiveTarget/devices/MIMXRT1052/drivers/fsl_clock.c.obj
                0x00002068                CLOCK_InitSysPll
 .text.CLOCK_InitUsb1Pll
                0x00002104       0x68 CMakeFiles/new_project.elf.dir/F_/Files/Repos/BrutalistInstruments/ExampleNXP/ExampleArchiveTarget/devices/MIMXRT1052/drivers/fsl_clock.c.obj
                0x00002104                CLOCK_InitUsb1Pll
 .text.CLOCK_DeinitUsb2Pll
                0x0000216c       0x18 CMakeFiles/new_project.elf.dir/F_/Files/Repos/BrutalistInstruments/ExampleNXP/ExampleArchiveTarget/devices/MIMXRT1052/drivers/fsl_clock.c.obj
                0x0000216c                CLOCK_DeinitUsb2Pll
 .text.CLOCK_DeinitAudioPll
                0x00002184       0x1c CMakeFiles/new_project.elf.dir/F_/Files/Repos/BrutalistInstruments/ExampleNXP/ExampleArchiveTarget/devices/MIMXRT1052/drivers/fsl_clock.c.obj
                0x00002184                CLOCK_DeinitAudioPll
 .text.CLOCK_DeinitEnetPll
                0x000021a0       0x1c CMakeFiles/new_project.elf.dir/F_/Files/Repos/BrutalistInstruments/ExampleNXP/ExampleArchiveTarget/devices/MIMXRT1052/drivers/fsl_clock.c.obj
                0x000021a0                CLOCK_DeinitEnetPll
 .text.CLOCK_InitSysPfd
                0x000021bc       0x64 CMakeFiles/new_project.elf.dir/F_/Files/Repos/BrutalistInstruments/ExampleNXP/ExampleArchiveTarget/devices/MIMXRT1052/drivers/fsl_clock.c.obj
                0x000021bc                CLOCK_InitSysPfd
 .text.CLOCK_InitUsb1Pfd
                0x00002220       0x64 CMakeFiles/new_project.elf.dir/F_/Files/Repos/BrutalistInstruments/ExampleNXP/ExampleArchiveTarget/devices/MIMXRT1052/drivers/fsl_clock.c.obj
                0x00002220                CLOCK_InitUsb1Pfd
 .text.LPUART_WriteBlocking
                0x00002284       0x78 CMakeFiles/new_project.elf.dir/F_/Files/Repos/BrutalistInstruments/ExampleNXP/ExampleArchiveTarget/devices/MIMXRT1052/drivers/fsl_lpuart.c.obj
                0x00002284                LPUART_WriteBlocking
 .text.LPUART1_DriverIRQHandler
                0x000022fc       0x28 CMakeFiles/new_project.elf.dir/F_/Files/Repos/BrutalistInstruments/ExampleNXP/ExampleArchiveTarget/devices/MIMXRT1052/drivers/fsl_lpuart.c.obj
                0x000022fc                LPUART1_DriverIRQHandler
 .text.LPUART2_DriverIRQHandler
                0x00002324       0x28 CMakeFiles/new_project.elf.dir/F_/Files/Repos/BrutalistInstruments/ExampleNXP/ExampleArchiveTarget/devices/MIMXRT1052/drivers/fsl_lpuart.c.obj
                0x00002324                LPUART2_DriverIRQHandler
 .text.LPUART3_DriverIRQHandler
                0x0000234c       0x28 CMakeFiles/new_project.elf.dir/F_/Files/Repos/BrutalistInstruments/ExampleNXP/ExampleArchiveTarget/devices/MIMXRT1052/drivers/fsl_lpuart.c.obj
                0x0000234c                LPUART3_DriverIRQHandler
 .text.LPUART4_DriverIRQHandler
                0x00002374       0x28 CMakeFiles/new_project.elf.dir/F_/Files/Repos/BrutalistInstruments/ExampleNXP/ExampleArchiveTarget/devices/MIMXRT1052/drivers/fsl_lpuart.c.obj
                0x00002374                LPUART4_DriverIRQHandler
 .text.LPUART5_DriverIRQHandler
                0x0000239c       0x28 CMakeFiles/new_project.elf.dir/F_/Files/Repos/BrutalistInstruments/ExampleNXP/ExampleArchiveTarget/devices/MIMXRT1052/drivers/fsl_lpuart.c.obj
                0x0000239c                LPUART5_DriverIRQHandler
 .text.LPUART6_DriverIRQHandler
                0x000023c4       0x28 CMakeFiles/new_project.elf.dir/F_/Files/Repos/BrutalistInstruments/ExampleNXP/ExampleArchiveTarget/devices/MIMXRT1052/drivers/fsl_lpuart.c.obj
                0x000023c4                LPUART6_DriverIRQHandler
 .text.LPUART7_DriverIRQHandler
                0x000023ec       0x28 CMakeFiles/new_project.elf.dir/F_/Files/Repos/BrutalistInstruments/ExampleNXP/ExampleArchiveTarget/devices/MIMXRT1052/drivers/fsl_lpuart.c.obj
                0x000023ec                LPUART7_DriverIRQHandler
 .text.LPUART8_DriverIRQHandler
                0x00002414       0x28 CMakeFiles/new_project.elf.dir/F_/Files/Repos/BrutalistInstruments/ExampleNXP/ExampleArchiveTarget/devices/MIMXRT1052/drivers/fsl_lpuart.c.obj
                0x00002414                LPUART8_DriverIRQHandler
 .text.fsl_assert_hook
                0x0000243c       0x1a CMakeFiles/new_project.elf.dir/F_/Files/Repos/BrutalistInstruments/ExampleNXP/ExampleArchiveTarget/devices/MIMXRT1052/utilities/fsl_assert.c.obj
                0x0000243c                fsl_assert_hook
 *fill*         0x00002456        0x2 
 .text.__assert_func
                0x00002458       0x30 CMakeFiles/new_project.elf.dir/F_/Files/Repos/BrutalistInstruments/ExampleNXP/ExampleArchiveTarget/devices/MIMXRT1052/utilities/fsl_assert.c.obj
                0x00002458                __assert_func
 .text.PrintGetWidth
                0x00002488       0x6a CMakeFiles/new_project.elf.dir/F_/Files/Repos/BrutalistInstruments/ExampleNXP/ExampleArchiveTarget/devices/MIMXRT1052/utilities/str/fsl_str.c.obj
 .text.PrintGetPrecision
                0x000024f2       0x8c CMakeFiles/new_project.elf.dir/F_/Files/Repos/BrutalistInstruments/ExampleNXP/ExampleArchiveTarget/devices/MIMXRT1052/utilities/str/fsl_str.c.obj
 .text.PrintIsobpu
                0x0000257e       0x38 CMakeFiles/new_project.elf.dir/F_/Files/Repos/BrutalistInstruments/ExampleNXP/ExampleArchiveTarget/devices/MIMXRT1052/utilities/str/fsl_str.c.obj
 .text.PrintIsdi
                0x000025b6       0x2c CMakeFiles/new_project.elf.dir/F_/Files/Repos/BrutalistInstruments/ExampleNXP/ExampleArchiveTarget/devices/MIMXRT1052/utilities/str/fsl_str.c.obj
 .text.PrintOutputdifFobpu
                0x000025e2       0x44 CMakeFiles/new_project.elf.dir/F_/Files/Repos/BrutalistInstruments/ExampleNXP/ExampleArchiveTarget/devices/MIMXRT1052/utilities/str/fsl_str.c.obj
 .text.PrintOutputxX
                0x00002626       0x44 CMakeFiles/new_project.elf.dir/F_/Files/Repos/BrutalistInstruments/ExampleNXP/ExampleArchiveTarget/devices/MIMXRT1052/utilities/str/fsl_str.c.obj
 .text.PrintIsfF
                0x0000266a       0x2c CMakeFiles/new_project.elf.dir/F_/Files/Repos/BrutalistInstruments/ExampleNXP/ExampleArchiveTarget/devices/MIMXRT1052/utilities/str/fsl_str.c.obj
 .text.PrintIsxX
                0x00002696       0x2c CMakeFiles/new_project.elf.dir/F_/Files/Repos/BrutalistInstruments/ExampleNXP/ExampleArchiveTarget/devices/MIMXRT1052/utilities/str/fsl_str.c.obj
 .text.PrintFilterLengthFlag
                0x000026c2       0x3e CMakeFiles/new_project.elf.dir/F_/Files/Repos/BrutalistInstruments/ExampleNXP/ExampleArchiveTarget/devices/MIMXRT1052/utilities/str/fsl_str.c.obj
 .text.PrintGetRadixFromobpu
                0x00002700       0x40 CMakeFiles/new_project.elf.dir/F_/Files/Repos/BrutalistInstruments/ExampleNXP/ExampleArchiveTarget/devices/MIMXRT1052/utilities/str/fsl_str.c.obj
 .text.ConvertRadixNumToString
                0x00002740       0xc2 CMakeFiles/new_project.elf.dir/F_/Files/Repos/BrutalistInstruments/ExampleNXP/ExampleArchiveTarget/devices/MIMXRT1052/utilities/str/fsl_str.c.obj
 .text.StrFormatExaminedi
                0x00002802       0x26 CMakeFiles/new_project.elf.dir/F_/Files/Repos/BrutalistInstruments/ExampleNXP/ExampleArchiveTarget/devices/MIMXRT1052/utilities/str/fsl_str.c.obj
 .text.StrFormatExaminexX
                0x00002828       0x26 CMakeFiles/new_project.elf.dir/F_/Files/Repos/BrutalistInstruments/ExampleNXP/ExampleArchiveTarget/devices/MIMXRT1052/utilities/str/fsl_str.c.obj
 .text.StrFormatExamineobpu
                0x0000284e       0x26 CMakeFiles/new_project.elf.dir/F_/Files/Repos/BrutalistInstruments/ExampleNXP/ExampleArchiveTarget/devices/MIMXRT1052/utilities/str/fsl_str.c.obj
 .text.ConvertPrecisionWidthToLength
                0x00002874       0x20 CMakeFiles/new_project.elf.dir/F_/Files/Repos/BrutalistInstruments/ExampleNXP/ExampleArchiveTarget/devices/MIMXRT1052/utilities/str/fsl_str.c.obj
 .text.StrFormatPrintf
                0x00002894      0x2bc CMakeFiles/new_project.elf.dir/F_/Files/Repos/BrutalistInstruments/ExampleNXP/ExampleArchiveTarget/devices/MIMXRT1052/utilities/str/fsl_str.c.obj
                0x00002894                StrFormatPrintf
 .text.DbgConsole_SendDataReliable
                0x00002b50       0x54 CMakeFiles/new_project.elf.dir/1e21db0b2d35ea1dce73595b392aafc6/devices/MIMXRT1052/utilities/debug_console/fsl_debug_console.c.obj
                0x00002b50                DbgConsole_SendDataReliable
 .text.DbgConsole_PrintCallback
                0x00002ba4       0x66 CMakeFiles/new_project.elf.dir/1e21db0b2d35ea1dce73595b392aafc6/devices/MIMXRT1052/utilities/debug_console/fsl_debug_console.c.obj
 .text.DbgConsole_Printf
                0x00002c0a       0x2c CMakeFiles/new_project.elf.dir/1e21db0b2d35ea1dce73595b392aafc6/devices/MIMXRT1052/utilities/debug_console/fsl_debug_console.c.obj
                0x00002c0a                DbgConsole_Printf
 *fill*         0x00002c36        0x2 
 .text.DbgConsole_Vprintf
                0x00002c38       0x6c CMakeFiles/new_project.elf.dir/1e21db0b2d35ea1dce73595b392aafc6/devices/MIMXRT1052/utilities/debug_console/fsl_debug_console.c.obj
                0x00002c38                DbgConsole_Vprintf
 .text.__udivmoddi4
                0x00002ca4      0x2bc c:/nxp/mcuxpressoide_11.9.0_2144/ide/tools/bin/../lib/gcc/arm-none-eabi/12.3.1/thumb/v7e-m+dp/hard\libgcc.a(_udivmoddi4.o)
                0x00002ca4                __udivmoddi4
 .text.exit     0x00002f60       0x24 c:/nxp/mcuxpressoide_11.9.0_2144/ide/tools/bin/../lib/gcc/arm-none-eabi/12.3.1/thumb/v7e-m+dp/hard\libc_nano.a(libc_a-exit.o)
                0x00002f60                exit
 .text.memset   0x00002f84       0x10 c:/nxp/mcuxpressoide_11.9.0_2144/ide/tools/bin/../lib/gcc/arm-none-eabi/12.3.1/thumb/v7e-m+dp/hard\libc_nano.a(libc_a-memset.o)
                0x00002f84                memset
 .text.__libc_init_array
                0x00002f94       0x48 c:/nxp/mcuxpressoide_11.9.0_2144/ide/tools/bin/../lib/gcc/arm-none-eabi/12.3.1/thumb/v7e-m+dp/hard\libc_nano.a(libc_a-init.o)
                0x00002f94                __libc_init_array
 .text._exit    0x00002fdc        0x2 c:/nxp/mcuxpressoide_11.9.0_2144/ide/tools/bin/../lib/gcc/arm-none-eabi/12.3.1/../../../../arm-none-eabi/lib/thumb/v7e-m+dp/hard\libcr_newlib_nohost.a(_exit.o)
                0x00002fdc                _exit
 *(.rodata)
 *fill*         0x00002fde        0x2 
 .rodata        0x00002fe0       0xa8 CMakeFiles/new_project.elf.dir/F_/Files/Repos/BrutalistInstruments/YetAnotherExampleFolder/evkbimxrt1050_new_project/main.c.obj
 .rodata        0x00003088       0x7b CMakeFiles/new_project.elf.dir/F_/Files/Repos/BrutalistInstruments/YetAnotherExampleFolder/evkbimxrt1050_new_project/pin_mux.c.obj
 *fill*         0x00003103        0x1 
 .rodata        0x00003104       0x9b CMakeFiles/new_project.elf.dir/F_/Files/Repos/BrutalistInstruments/YetAnotherExampleFolder/evkbimxrt1050_new_project/board.c.obj
 *fill*         0x0000319f        0x1 
 .rodata        0x000031a0       0x99 CMakeFiles/new_project.elf.dir/F_/Files/Repos/BrutalistInstruments/YetAnotherExampleFolder/evkbimxrt1050_new_project/clock_config.c.obj
 *fill*         0x00003239        0x3 
 .rodata        0x0000323c      0x130 CMakeFiles/new_project.elf.dir/F_/Files/Repos/BrutalistInstruments/ExampleNXP/ExampleArchiveTarget/components/uart/fsl_adapter_lpuart.c.obj
 .rodata        0x0000336c       0xa6 CMakeFiles/new_project.elf.dir/F_/Files/Repos/BrutalistInstruments/ExampleNXP/ExampleArchiveTarget/devices/MIMXRT1052/drivers/fsl_clock.c.obj
 *fill*         0x00003412        0x2 
 .rodata        0x00003414      0x29e CMakeFiles/new_project.elf.dir/F_/Files/Repos/BrutalistInstruments/ExampleNXP/ExampleArchiveTarget/devices/MIMXRT1052/drivers/fsl_lpuart.c.obj
 *fill*         0x000036b2        0x2 
 .rodata        0x000036b4       0x3e CMakeFiles/new_project.elf.dir/F_/Files/Repos/BrutalistInstruments/ExampleNXP/ExampleArchiveTarget/devices/MIMXRT1052/utilities/fsl_assert.c.obj
 *(.rodata*)
 *fill*         0x000036f2        0x2 
 .rodata.__func__.1
                0x000036f4        0xd CMakeFiles/new_project.elf.dir/F_/Files/Repos/BrutalistInstruments/YetAnotherExampleFolder/evkbimxrt1050_new_project/main.c.obj
 *fill*         0x00003701        0x3 
 .rodata.__func__.0
                0x00003704        0xd CMakeFiles/new_project.elf.dir/F_/Files/Repos/BrutalistInstruments/YetAnotherExampleFolder/evkbimxrt1050_new_project/main.c.obj
 *fill*         0x00003711        0x3 
 .rodata.__func__.0
                0x00003714       0x12 CMakeFiles/new_project.elf.dir/F_/Files/Repos/BrutalistInstruments/YetAnotherExampleFolder/evkbimxrt1050_new_project/pin_mux.c.obj
 *fill*         0x00003726        0x2 
 .rodata.__func__.0
                0x00003728       0x10 CMakeFiles/new_project.elf.dir/F_/Files/Repos/BrutalistInstruments/YetAnotherExampleFolder/evkbimxrt1050_new_project/board.c.obj
 .rodata.armPllConfig_BOARD_BootClockRUN
                0x00003738        0x8 CMakeFiles/new_project.elf.dir/F_/Files/Repos/BrutalistInstruments/YetAnotherExampleFolder/evkbimxrt1050_new_project/clock_config.c.obj
                0x00003738                armPllConfig_BOARD_BootClockRUN
 .rodata.sysPllConfig_BOARD_BootClockRUN
                0x00003740       0x14 CMakeFiles/new_project.elf.dir/F_/Files/Repos/BrutalistInstruments/YetAnotherExampleFolder/evkbimxrt1050_new_project/clock_config.c.obj
                0x00003740                sysPllConfig_BOARD_BootClockRUN
 .rodata.usb1PllConfig_BOARD_BootClockRUN
                0x00003754        0x2 CMakeFiles/new_project.elf.dir/F_/Files/Repos/BrutalistInstruments/YetAnotherExampleFolder/evkbimxrt1050_new_project/clock_config.c.obj
                0x00003754                usb1PllConfig_BOARD_BootClockRUN
 *fill*         0x00003756        0x2 
 .rodata.__func__.2
                0x00003758       0x12 CMakeFiles/new_project.elf.dir/F_/Files/Repos/BrutalistInstruments/YetAnotherExampleFolder/evkbimxrt1050_new_project/clock_config.c.obj
 *fill*         0x0000376a        0x2 
 .rodata.__func__.1
                0x0000376c        0xd CMakeFiles/new_project.elf.dir/F_/Files/Repos/BrutalistInstruments/YetAnotherExampleFolder/evkbimxrt1050_new_project/clock_config.c.obj
 *fill*         0x00003779        0x3 
 .rodata.__func__.0
                0x0000377c        0xd CMakeFiles/new_project.elf.dir/F_/Files/Repos/BrutalistInstruments/YetAnotherExampleFolder/evkbimxrt1050_new_project/clock_config.c.obj
 *fill*         0x00003789        0x3 
 .rodata.s_LpuartAdapterBase
                0x0000378c       0x24 CMakeFiles/new_project.elf.dir/F_/Files/Repos/BrutalistInstruments/ExampleNXP/ExampleArchiveTarget/components/uart/fsl_adapter_lpuart.c.obj
 .rodata.__func__.1
                0x000037b0       0x15 CMakeFiles/new_project.elf.dir/F_/Files/Repos/BrutalistInstruments/ExampleNXP/ExampleArchiveTarget/components/uart/fsl_adapter_lpuart.c.obj
 *fill*         0x000037c5        0x3 
 .rodata.__func__.8
                0x000037c8       0x16 CMakeFiles/new_project.elf.dir/F_/Files/Repos/BrutalistInstruments/ExampleNXP/ExampleArchiveTarget/devices/MIMXRT1052/drivers/fsl_clock.c.obj
 *fill*         0x000037de        0x2 
 .rodata.__func__.11
                0x000037e0       0x15 CMakeFiles/new_project.elf.dir/F_/Files/Repos/BrutalistInstruments/ExampleNXP/ExampleArchiveTarget/devices/MIMXRT1052/drivers/fsl_lpuart.c.obj
 *(CodeQuickAccess)
 *(.glue_7)
 .glue_7        0x000037f5        0x0 linker stubs
 *(.glue_7t)
 .glue_7t       0x000037f5        0x0 linker stubs
 *(.eh_frame)
 *fill*         0x000037f5        0x3 
 .eh_frame      0x000037f8        0x0 c:/nxp/mcuxpressoide_11.9.0_2144/ide/tools/bin/../lib/gcc/arm-none-eabi/12.3.1/thumb/v7e-m+dp/hard/crtbegin.o
 *(.init)
 .init          0x000037f8        0x4 c:/nxp/mcuxpressoide_11.9.0_2144/ide/tools/bin/../lib/gcc/arm-none-eabi/12.3.1/thumb/v7e-m+dp/hard/crti.o
                0x000037f8                _init
 .init          0x000037fc        0x8 c:/nxp/mcuxpressoide_11.9.0_2144/ide/tools/bin/../lib/gcc/arm-none-eabi/12.3.1/thumb/v7e-m+dp/hard/crtn.o
 *(.fini)
 .fini          0x00003804        0x4 c:/nxp/mcuxpressoide_11.9.0_2144/ide/tools/bin/../lib/gcc/arm-none-eabi/12.3.1/thumb/v7e-m+dp/hard/crti.o
                0x00003804                _fini
 .fini          0x00003808        0x8 c:/nxp/mcuxpressoide_11.9.0_2144/ide/tools/bin/../lib/gcc/arm-none-eabi/12.3.1/thumb/v7e-m+dp/hard/crtn.o
                0x00003810                        . = ALIGN (0x4)

.vfp11_veneer   0x00003810        0x0
 .vfp11_veneer  0x00003810        0x0 linker stubs

.v4_bx          0x00003810        0x0
 .v4_bx         0x00003810        0x0 linker stubs

.iplt           0x00003810        0x0
 .iplt          0x00003810        0x0 c:/nxp/mcuxpressoide_11.9.0_2144/ide/tools/bin/../lib/gcc/arm-none-eabi/12.3.1/thumb/v7e-m+dp/hard/crtbegin.o

.ARM.extab
 *(.ARM.extab* .gnu.linkonce.armextab.*)

.ARM            0x00003810        0x8
                0x00003810                        __exidx_start = .
 *(.ARM.exidx*)
 .ARM.exidx     0x00003810        0x8 c:/nxp/mcuxpressoide_11.9.0_2144/ide/tools/bin/../lib/gcc/arm-none-eabi/12.3.1/thumb/v7e-m+dp/hard/crt0.o
                                 0x10 (size before relaxing)
 .ARM.exidx     0x00003818        0x0 c:/nxp/mcuxpressoide_11.9.0_2144/ide/tools/bin/../lib/gcc/arm-none-eabi/12.3.1/thumb/v7e-m+dp/hard\libc_nano.a(libc_a-strlen.o)
                                  0x8 (size before relaxing)
 .ARM.exidx.text.__udivmoddi4
                0x00003818        0x0 c:/nxp/mcuxpressoide_11.9.0_2144/ide/tools/bin/../lib/gcc/arm-none-eabi/12.3.1/thumb/v7e-m+dp/hard\libgcc.a(_udivmoddi4.o)
                                  0x8 (size before relaxing)
                0x00003818                        __exidx_end = .

.rel.dyn        0x00003818        0x0
 .rel.iplt      0x00003818        0x0 c:/nxp/mcuxpressoide_11.9.0_2144/ide/tools/bin/../lib/gcc/arm-none-eabi/12.3.1/thumb/v7e-m+dp/hard/crtbegin.o

.ctors          0x00003818        0x0
                0x00003818                        __CTOR_LIST__ = .
 *crtbegin.o(.ctors)
 *crtbegin?.o(.ctors)
 *(EXCLUDE_FILE(*crtend.o *crtend?.o) .ctors)
 *(SORT_BY_NAME(.ctors.*))
 *(.ctors)
                0x00003818                        __CTOR_END__ = .

.dtors          0x00003818        0x0
                0x00003818                        __DTOR_LIST__ = .
 *crtbegin.o(.dtors)
 *crtbegin?.o(.dtors)
 *(EXCLUDE_FILE(*crtend.o *crtend?.o) .dtors)
 *(SORT_BY_NAME(.dtors.*))
 *(.dtors)
                0x00003818                        __DTOR_END__ = .

.preinit_array  0x00003818        0x0
                0x00003818                        PROVIDE (__preinit_array_start = .)
 *(.preinit_array*)
                0x00003818                        PROVIDE (__preinit_array_end = .)

.init_array     0x00003818        0x4
                0x00003818                        PROVIDE (__init_array_start = .)
 *(SORT_BY_NAME(.init_array.*))
 *(.init_array*)
 .init_array    0x00003818        0x4 c:/nxp/mcuxpressoide_11.9.0_2144/ide/tools/bin/../lib/gcc/arm-none-eabi/12.3.1/thumb/v7e-m+dp/hard/crtbegin.o
                0x0000381c                        PROVIDE (__init_array_end = .)

.fini_array     0x0000381c        0x4
                [!provide]                        PROVIDE (__fini_array_start = .)
 *(SORT_BY_NAME(.fini_array.*))
 *(.fini_array*)
 .fini_array    0x0000381c        0x4 c:/nxp/mcuxpressoide_11.9.0_2144/ide/tools/bin/../lib/gcc/arm-none-eabi/12.3.1/thumb/v7e-m+dp/hard/crtbegin.o
                [!provide]                        PROVIDE (__fini_array_end = .)
                0x00003820                        __etext = .
                0x00003820                        __DATA_ROM = .
                0x00000000                        __VECTOR_RAM = ORIGIN (m_interrupts)
                0x00000000                        __RAM_VECTOR_TABLE_SIZE_BYTES = 0x0

.data           0x20000000        0x8 load address 0x00003820
                0x20000000                        . = ALIGN (0x4)
                0x20000000                        __DATA_RAM = .
                0x20000000                        __data_start__ = .
 *(m_usb_dma_init_data)
 *(.data)
 *(.data*)
 .data.maxSequenceMS
                0x20000000        0x4 CMakeFiles/new_project.elf.dir/F_/Files/Repos/BrutalistInstruments/YetAnotherExampleFolder/evkbimxrt1050_new_project/main.c.obj
                0x20000000                maxSequenceMS
 .data.SystemCoreClock
                0x20000004        0x4 CMakeFiles/new_project.elf.dir/F_/Files/Repos/BrutalistInstruments/ExampleNXP/ExampleArchiveTarget/devices/MIMXRT1052/system_MIMXRT1052.c.obj
                0x20000004                SystemCoreClock
 *(DataQuickAccess)
 *(.jcr*)
                0x20000008                        . = ALIGN (0x4)
                0x20000008                        __data_end__ = .
                0x00003828                        __NDATA_ROM = (__DATA_ROM + (__data_end__ - __data_start__))

.tm_clone_table
                0x20000008        0x0 load address 0x00003828
 .tm_clone_table
                0x20000008        0x0 c:/nxp/mcuxpressoide_11.9.0_2144/ide/tools/bin/../lib/gcc/arm-none-eabi/12.3.1/thumb/v7e-m+dp/hard/crtbegin.o
 .tm_clone_table
                0x20000008        0x0 c:/nxp/mcuxpressoide_11.9.0_2144/ide/tools/bin/../lib/gcc/arm-none-eabi/12.3.1/thumb/v7e-m+dp/hard/crtend.o

.igot.plt       0x20000008        0x0 load address 0x00003828
 .igot.plt      0x20000008        0x0 c:/nxp/mcuxpressoide_11.9.0_2144/ide/tools/bin/../lib/gcc/arm-none-eabi/12.3.1/thumb/v7e-m+dp/hard/crtbegin.o

.ncache.init    0x20000008        0x0 load address 0x00003828
                0x20000008                        __noncachedata_start__ = .
 *(NonCacheable.init)
                0x20000008                        . = ALIGN (0x4)
                0x20000008                        __noncachedata_init_end__ = .
                0x20000008                        . = __noncachedata_init_end__

.ncache         0x20000008        0x0
 *(NonCacheable)
                0x20000008                        . = ALIGN (0x4)
                0x20000008                        __noncachedata_end__ = .
                0x00003828                        __DATA_END = (__NDATA_ROM + (__noncachedata_init_end__ - __noncachedata_start__))
                0x00020000                        text_end = (ORIGIN (m_text) + LENGTH (m_text))
                0x00000001                        ASSERT ((__DATA_END <= text_end), region m_text overflowed with text and data)

.bss            0x20000008       0x98 load address 0x00003828
                0x20000008                        . = ALIGN (0x4)
                0x20000008                        __START_BSS = .
                0x20000008                        __bss_start__ = .
 *(m_usb_dma_noninit_data)
 *(.bss)
 *(.bss*)
 .bss.completed.1
                0x20000008        0x1 c:/nxp/mcuxpressoide_11.9.0_2144/ide/tools/bin/../lib/gcc/arm-none-eabi/12.3.1/thumb/v7e-m+dp/hard/crtbegin.o
 *fill*         0x20000009        0x3 
 .bss.object.0  0x2000000c       0x18 c:/nxp/mcuxpressoide_11.9.0_2144/ide/tools/bin/../lib/gcc/arm-none-eabi/12.3.1/thumb/v7e-m+dp/hard/crtbegin.o
 .bss.noteTimeCounter
                0x20000024        0x4 CMakeFiles/new_project.elf.dir/F_/Files/Repos/BrutalistInstruments/YetAnotherExampleFolder/evkbimxrt1050_new_project/main.c.obj
                0x20000024                noteTimeCounter
 .bss.g_xtalFreq
                0x20000028        0x4 CMakeFiles/new_project.elf.dir/F_/Files/Repos/BrutalistInstruments/ExampleNXP/ExampleArchiveTarget/devices/MIMXRT1052/drivers/fsl_clock.c.obj
                0x20000028                g_xtalFreq
 .bss.g_rtcXtalFreq
                0x2000002c        0x4 CMakeFiles/new_project.elf.dir/F_/Files/Repos/BrutalistInstruments/ExampleNXP/ExampleArchiveTarget/devices/MIMXRT1052/drivers/fsl_clock.c.obj
                0x2000002c                g_rtcXtalFreq
 .bss.s_lpuartHandle
                0x20000030       0x24 CMakeFiles/new_project.elf.dir/F_/Files/Repos/BrutalistInstruments/ExampleNXP/ExampleArchiveTarget/devices/MIMXRT1052/drivers/fsl_lpuart.c.obj
                0x20000030                s_lpuartHandle
 .bss.s_lpuartIsr
                0x20000054       0x24 CMakeFiles/new_project.elf.dir/F_/Files/Repos/BrutalistInstruments/ExampleNXP/ExampleArchiveTarget/devices/MIMXRT1052/drivers/fsl_lpuart.c.obj
                0x20000054                s_lpuartIsr
 .bss.s_debugConsoleState
                0x20000078       0x20 CMakeFiles/new_project.elf.dir/1e21db0b2d35ea1dce73595b392aafc6/devices/MIMXRT1052/utilities/debug_console/fsl_debug_console.c.obj
 .bss.g_serialHandle
                0x20000098        0x4 CMakeFiles/new_project.elf.dir/1e21db0b2d35ea1dce73595b392aafc6/devices/MIMXRT1052/utilities/debug_console/fsl_debug_console.c.obj
                0x20000098                g_serialHandle
 .bss.__stdio_exit_handler
                0x2000009c        0x4 c:/nxp/mcuxpressoide_11.9.0_2144/ide/tools/bin/../lib/gcc/arm-none-eabi/12.3.1/thumb/v7e-m+dp/hard\libc_nano.a(libc_a-findfp.o)
                0x2000009c                __stdio_exit_handler
 *(COMMON)
                0x200000a0                        . = ALIGN (0x4)
                0x200000a0                        __bss_end__ = .
                0x200000a0                        __END_BSS = .

.heap           0x200000a0      0x400 load address 0x000038c0
                0x200000a0                        . = ALIGN (0x8)
                0x200000a0                        __end__ = .
                0x200000a0                        PROVIDE (end = .)
                0x200000a0                        __HeapBase = .
                0x200004a0                        . = (. + HEAP_SIZE)
 *fill*         0x200000a0      0x400 
                0x200004a0                        __HeapLimit = .
                0x200004a0                        __heap_limit = .

.stack          0x200004a0      0x400 load address 0x00003cc0
                0x200004a0                        . = ALIGN (0x8)
                0x200008a0                        . = (. + STACK_SIZE)
 *fill*         0x200004a0      0x400 
                0x20020000                        __StackTop = (ORIGIN (m_data) + LENGTH (m_data))
                0x2001fc00                        __StackLimit = (__StackTop - STACK_SIZE)
                0x20020000                        PROVIDE (__stack = __StackTop)

.ARM.attributes
                0x00000000       0x2e
 *(.ARM.attributes)
 .ARM.attributes
                0x00000000       0x20 c:/nxp/mcuxpressoide_11.9.0_2144/ide/tools/bin/../lib/gcc/arm-none-eabi/12.3.1/thumb/v7e-m+dp/hard/crti.o
 .ARM.attributes
                0x00000020       0x32 c:/nxp/mcuxpressoide_11.9.0_2144/ide/tools/bin/../lib/gcc/arm-none-eabi/12.3.1/thumb/v7e-m+dp/hard/crtbegin.o
 .ARM.attributes
                0x00000052       0x1e c:/nxp/mcuxpressoide_11.9.0_2144/ide/tools/bin/../lib/gcc/arm-none-eabi/12.3.1/thumb/v7e-m+dp/hard/crt0.o
 .ARM.attributes
                0x00000070       0x32 CMakeFiles/new_project.elf.dir/F_/Files/Repos/BrutalistInstruments/YetAnotherExampleFolder/evkbimxrt1050_new_project/main.c.obj
 .ARM.attributes
                0x000000a2       0x32 CMakeFiles/new_project.elf.dir/F_/Files/Repos/BrutalistInstruments/YetAnotherExampleFolder/evkbimxrt1050_new_project/pin_mux.c.obj
 .ARM.attributes
                0x000000d4       0x32 CMakeFiles/new_project.elf.dir/F_/Files/Repos/BrutalistInstruments/YetAnotherExampleFolder/evkbimxrt1050_new_project/board.c.obj
 .ARM.attributes
                0x00000106       0x32 CMakeFiles/new_project.elf.dir/F_/Files/Repos/BrutalistInstruments/YetAnotherExampleFolder/evkbimxrt1050_new_project/clock_config.c.obj
 .ARM.attributes
                0x00000138       0x32 CMakeFiles/new_project.elf.dir/F_/Files/Repos/BrutalistInstruments/ExampleNXP/ExampleArchiveTarget/components/uart/fsl_adapter_lpuart.c.obj
 .ARM.attributes
                0x0000016a       0x32 CMakeFiles/new_project.elf.dir/39572e0520b83c42fd8c8d413680248b/ExampleArchiveTarget/components/serial_manager/fsl_component_serial_manager.c.obj
 .ARM.attributes
                0x0000019c       0x32 CMakeFiles/new_project.elf.dir/39572e0520b83c42fd8c8d413680248b/ExampleArchiveTarget/components/serial_manager/fsl_component_serial_port_uart.c.obj
 .ARM.attributes
                0x000001ce       0x1d CMakeFiles/new_project.elf.dir/F_/Files/Repos/BrutalistInstruments/ExampleNXP/ExampleArchiveTarget/devices/MIMXRT1052/gcc/startup_MIMXRT1052.S.obj
 .ARM.attributes
                0x000001eb       0x32 CMakeFiles/new_project.elf.dir/F_/Files/Repos/BrutalistInstruments/ExampleNXP/ExampleArchiveTarget/devices/MIMXRT1052/system_MIMXRT1052.c.obj
 .ARM.attributes
                0x0000021d       0x32 CMakeFiles/new_project.elf.dir/F_/Files/Repos/BrutalistInstruments/ExampleNXP/ExampleArchiveTarget/devices/MIMXRT1052/drivers/fsl_clock.c.obj
 .ARM.attributes
                0x0000024f       0x32 CMakeFiles/new_project.elf.dir/F_/Files/Repos/BrutalistInstruments/ExampleNXP/ExampleArchiveTarget/devices/MIMXRT1052/drivers/fsl_lpuart.c.obj
 .ARM.attributes
                0x00000281       0x1e CMakeFiles/new_project.elf.dir/F_/Files/Repos/BrutalistInstruments/ExampleNXP/ExampleArchiveTarget/devices/MIMXRT1052/utilities/fsl_memcpy.S.obj
 .ARM.attributes
                0x0000029f       0x32 CMakeFiles/new_project.elf.dir/F_/Files/Repos/BrutalistInstruments/ExampleNXP/ExampleArchiveTarget/devices/MIMXRT1052/utilities/fsl_assert.c.obj
 .ARM.attributes
                0x000002d1       0x32 CMakeFiles/new_project.elf.dir/F_/Files/Repos/BrutalistInstruments/ExampleNXP/ExampleArchiveTarget/devices/MIMXRT1052/utilities/str/fsl_str.c.obj
 .ARM.attributes
                0x00000303       0x32 CMakeFiles/new_project.elf.dir/1e21db0b2d35ea1dce73595b392aafc6/devices/MIMXRT1052/utilities/debug_console/fsl_debug_console.c.obj
 .ARM.attributes
                0x00000335       0x20 c:/nxp/mcuxpressoide_11.9.0_2144/ide/tools/bin/../lib/gcc/arm-none-eabi/12.3.1/thumb/v7e-m+dp/hard\libgcc.a(_aeabi_uldivmod.o)
 .ARM.attributes
                0x00000355       0x32 c:/nxp/mcuxpressoide_11.9.0_2144/ide/tools/bin/../lib/gcc/arm-none-eabi/12.3.1/thumb/v7e-m+dp/hard\libgcc.a(_udivmoddi4.o)
 .ARM.attributes
                0x00000387       0x20 c:/nxp/mcuxpressoide_11.9.0_2144/ide/tools/bin/../lib/gcc/arm-none-eabi/12.3.1/thumb/v7e-m+dp/hard\libgcc.a(_dvmd_tls.o)
 .ARM.attributes
                0x000003a7       0x32 c:/nxp/mcuxpressoide_11.9.0_2144/ide/tools/bin/../lib/gcc/arm-none-eabi/12.3.1/thumb/v7e-m+dp/hard\libc_nano.a(libc_a-exit.o)
 .ARM.attributes
                0x000003d9       0x32 c:/nxp/mcuxpressoide_11.9.0_2144/ide/tools/bin/../lib/gcc/arm-none-eabi/12.3.1/thumb/v7e-m+dp/hard\libc_nano.a(libc_a-findfp.o)
 .ARM.attributes
                0x0000040b       0x32 c:/nxp/mcuxpressoide_11.9.0_2144/ide/tools/bin/../lib/gcc/arm-none-eabi/12.3.1/thumb/v7e-m+dp/hard\libc_nano.a(libc_a-memset.o)
 .ARM.attributes
                0x0000043d       0x32 c:/nxp/mcuxpressoide_11.9.0_2144/ide/tools/bin/../lib/gcc/arm-none-eabi/12.3.1/thumb/v7e-m+dp/hard\libc_nano.a(libc_a-init.o)
 .ARM.attributes
                0x0000046f       0x17 c:/nxp/mcuxpressoide_11.9.0_2144/ide/tools/bin/../lib/gcc/arm-none-eabi/12.3.1/thumb/v7e-m+dp/hard\libc_nano.a(libc_a-strlen.o)
 .ARM.attributes
                0x00000486       0x32 c:/nxp/mcuxpressoide_11.9.0_2144/ide/tools/bin/../lib/gcc/arm-none-eabi/12.3.1/../../../../arm-none-eabi/lib/thumb/v7e-m+dp/hard\libcr_newlib_nohost.a(_exit.o)
 .ARM.attributes
                0x000004b8       0x32 c:/nxp/mcuxpressoide_11.9.0_2144/ide/tools/bin/../lib/gcc/arm-none-eabi/12.3.1/thumb/v7e-m+dp/hard/crtend.o
 .ARM.attributes
                0x000004ea       0x20 c:/nxp/mcuxpressoide_11.9.0_2144/ide/tools/bin/../lib/gcc/arm-none-eabi/12.3.1/thumb/v7e-m+dp/hard/crtn.o
                0x00000001                        ASSERT ((__StackLimit >= __HeapLimit), region m_data overflowed with stack and heap)
OUTPUT(new_project.elf elf32-littlearm)
LOAD linker stubs

.debug_line_str
                0x00000000      0x3d7
 .debug_line_str
                0x00000000       0xd6 c:/nxp/mcuxpressoide_11.9.0_2144/ide/tools/bin/../lib/gcc/arm-none-eabi/12.3.1/thumb/v7e-m+dp/hard/crt0.o
 .debug_line_str
                0x000000d6       0xd3 CMakeFiles/new_project.elf.dir/F_/Files/Repos/BrutalistInstruments/ExampleNXP/ExampleArchiveTarget/devices/MIMXRT1052/gcc/startup_MIMXRT1052.S.obj
 .debug_line_str
                0x000001a9       0x6e CMakeFiles/new_project.elf.dir/F_/Files/Repos/BrutalistInstruments/ExampleNXP/ExampleArchiveTarget/devices/MIMXRT1052/utilities/fsl_memcpy.S.obj
                                 0xd1 (size before relaxing)
 .debug_line_str
                0x00000217       0xc9 c:/nxp/mcuxpressoide_11.9.0_2144/ide/tools/bin/../lib/gcc/arm-none-eabi/12.3.1/thumb/v7e-m+dp/hard\libgcc.a(_aeabi_uldivmod.o)
 .debug_line_str
                0x000002e0        0xc c:/nxp/mcuxpressoide_11.9.0_2144/ide/tools/bin/../lib/gcc/arm-none-eabi/12.3.1/thumb/v7e-m+dp/hard\libgcc.a(_dvmd_tls.o)
                                 0xcd (size before relaxing)
 .debug_line_str
                0x000002ec       0xeb c:/nxp/mcuxpressoide_11.9.0_2144/ide/tools/bin/../lib/gcc/arm-none-eabi/12.3.1/thumb/v7e-m+dp/hard\libc_nano.a(libc_a-strlen.o)

.debug_info     0x00000000     0xe702
 .debug_info    0x00000000     0x135b CMakeFiles/new_project.elf.dir/F_/Files/Repos/BrutalistInstruments/YetAnotherExampleFolder/evkbimxrt1050_new_project/main.c.obj
 .debug_info    0x0000135b      0x949 CMakeFiles/new_project.elf.dir/F_/Files/Repos/BrutalistInstruments/YetAnotherExampleFolder/evkbimxrt1050_new_project/pin_mux.c.obj
 .debug_info    0x00001ca4     0x102b CMakeFiles/new_project.elf.dir/F_/Files/Repos/BrutalistInstruments/YetAnotherExampleFolder/evkbimxrt1050_new_project/board.c.obj
 .debug_info    0x00002ccf     0x1a9e CMakeFiles/new_project.elf.dir/F_/Files/Repos/BrutalistInstruments/YetAnotherExampleFolder/evkbimxrt1050_new_project/clock_config.c.obj
 .debug_info    0x0000476d      0xc60 CMakeFiles/new_project.elf.dir/F_/Files/Repos/BrutalistInstruments/ExampleNXP/ExampleArchiveTarget/components/uart/fsl_adapter_lpuart.c.obj
 .debug_info    0x000053cd      0xd52 CMakeFiles/new_project.elf.dir/39572e0520b83c42fd8c8d413680248b/ExampleArchiveTarget/components/serial_manager/fsl_component_serial_manager.c.obj
 .debug_info    0x0000611f      0x51b CMakeFiles/new_project.elf.dir/39572e0520b83c42fd8c8d413680248b/ExampleArchiveTarget/components/serial_manager/fsl_component_serial_port_uart.c.obj
 .debug_info    0x0000663a      0xa00 CMakeFiles/new_project.elf.dir/F_/Files/Repos/BrutalistInstruments/ExampleNXP/ExampleArchiveTarget/devices/MIMXRT1052/gcc/startup_MIMXRT1052.S.obj
 .debug_info    0x0000703a      0xc0d CMakeFiles/new_project.elf.dir/F_/Files/Repos/BrutalistInstruments/ExampleNXP/ExampleArchiveTarget/devices/MIMXRT1052/system_MIMXRT1052.c.obj
 .debug_info    0x00007c47     0x2450 CMakeFiles/new_project.elf.dir/F_/Files/Repos/BrutalistInstruments/ExampleNXP/ExampleArchiveTarget/devices/MIMXRT1052/drivers/fsl_clock.c.obj
 .debug_info    0x0000a097     0x2a5b CMakeFiles/new_project.elf.dir/F_/Files/Repos/BrutalistInstruments/ExampleNXP/ExampleArchiveTarget/devices/MIMXRT1052/drivers/fsl_lpuart.c.obj
 .debug_info    0x0000caf2       0x25 CMakeFiles/new_project.elf.dir/F_/Files/Repos/BrutalistInstruments/ExampleNXP/ExampleArchiveTarget/devices/MIMXRT1052/utilities/fsl_memcpy.S.obj
 .debug_info    0x0000cb17      0x12d CMakeFiles/new_project.elf.dir/F_/Files/Repos/BrutalistInstruments/ExampleNXP/ExampleArchiveTarget/devices/MIMXRT1052/utilities/fsl_assert.c.obj
 .debug_info    0x0000cc44      0xca8 CMakeFiles/new_project.elf.dir/F_/Files/Repos/BrutalistInstruments/ExampleNXP/ExampleArchiveTarget/devices/MIMXRT1052/utilities/str/fsl_str.c.obj
 .debug_info    0x0000d8ec      0xdb5 CMakeFiles/new_project.elf.dir/1e21db0b2d35ea1dce73595b392aafc6/devices/MIMXRT1052/utilities/debug_console/fsl_debug_console.c.obj
 .debug_info    0x0000e6a1       0x61 c:/nxp/mcuxpressoide_11.9.0_2144/ide/tools/bin/../lib/gcc/arm-none-eabi/12.3.1/../../../../arm-none-eabi/lib/thumb/v7e-m+dp/hard\libcr_newlib_nohost.a(_exit.o)

.debug_abbrev   0x00000000     0x21cc
 .debug_abbrev  0x00000000      0x2e5 CMakeFiles/new_project.elf.dir/F_/Files/Repos/BrutalistInstruments/YetAnotherExampleFolder/evkbimxrt1050_new_project/main.c.obj
 .debug_abbrev  0x000002e5      0x27a CMakeFiles/new_project.elf.dir/F_/Files/Repos/BrutalistInstruments/YetAnotherExampleFolder/evkbimxrt1050_new_project/pin_mux.c.obj
 .debug_abbrev  0x0000055f      0x312 CMakeFiles/new_project.elf.dir/F_/Files/Repos/BrutalistInstruments/YetAnotherExampleFolder/evkbimxrt1050_new_project/board.c.obj
 .debug_abbrev  0x00000871      0x346 CMakeFiles/new_project.elf.dir/F_/Files/Repos/BrutalistInstruments/YetAnotherExampleFolder/evkbimxrt1050_new_project/clock_config.c.obj
 .debug_abbrev  0x00000bb7      0x1f9 CMakeFiles/new_project.elf.dir/F_/Files/Repos/BrutalistInstruments/ExampleNXP/ExampleArchiveTarget/components/uart/fsl_adapter_lpuart.c.obj
 .debug_abbrev  0x00000db0      0x2c3 CMakeFiles/new_project.elf.dir/39572e0520b83c42fd8c8d413680248b/ExampleArchiveTarget/components/serial_manager/fsl_component_serial_manager.c.obj
 .debug_abbrev  0x00001073      0x194 CMakeFiles/new_project.elf.dir/39572e0520b83c42fd8c8d413680248b/ExampleArchiveTarget/components/serial_manager/fsl_component_serial_port_uart.c.obj
 .debug_abbrev  0x00001207       0x26 CMakeFiles/new_project.elf.dir/F_/Files/Repos/BrutalistInstruments/ExampleNXP/ExampleArchiveTarget/devices/MIMXRT1052/gcc/startup_MIMXRT1052.S.obj
 .debug_abbrev  0x0000122d      0x171 CMakeFiles/new_project.elf.dir/F_/Files/Repos/BrutalistInstruments/ExampleNXP/ExampleArchiveTarget/devices/MIMXRT1052/system_MIMXRT1052.c.obj
 .debug_abbrev  0x0000139e      0x381 CMakeFiles/new_project.elf.dir/F_/Files/Repos/BrutalistInstruments/ExampleNXP/ExampleArchiveTarget/devices/MIMXRT1052/drivers/fsl_clock.c.obj
 .debug_abbrev  0x0000171f      0x4a8 CMakeFiles/new_project.elf.dir/F_/Files/Repos/BrutalistInstruments/ExampleNXP/ExampleArchiveTarget/devices/MIMXRT1052/drivers/fsl_lpuart.c.obj
 .debug_abbrev  0x00001bc7       0x14 CMakeFiles/new_project.elf.dir/F_/Files/Repos/BrutalistInstruments/ExampleNXP/ExampleArchiveTarget/devices/MIMXRT1052/utilities/fsl_memcpy.S.obj
 .debug_abbrev  0x00001bdb       0xa8 CMakeFiles/new_project.elf.dir/F_/Files/Repos/BrutalistInstruments/ExampleNXP/ExampleArchiveTarget/devices/MIMXRT1052/utilities/fsl_assert.c.obj
 .debug_abbrev  0x00001c83      0x273 CMakeFiles/new_project.elf.dir/F_/Files/Repos/BrutalistInstruments/ExampleNXP/ExampleArchiveTarget/devices/MIMXRT1052/utilities/str/fsl_str.c.obj
 .debug_abbrev  0x00001ef6      0x278 CMakeFiles/new_project.elf.dir/1e21db0b2d35ea1dce73595b392aafc6/devices/MIMXRT1052/utilities/debug_console/fsl_debug_console.c.obj
 .debug_abbrev  0x0000216e       0x5e c:/nxp/mcuxpressoide_11.9.0_2144/ide/tools/bin/../lib/gcc/arm-none-eabi/12.3.1/../../../../arm-none-eabi/lib/thumb/v7e-m+dp/hard\libcr_newlib_nohost.a(_exit.o)

.debug_aranges  0x00000000      0x898
 .debug_aranges
                0x00000000       0x50 CMakeFiles/new_project.elf.dir/F_/Files/Repos/BrutalistInstruments/YetAnotherExampleFolder/evkbimxrt1050_new_project/main.c.obj
 .debug_aranges
                0x00000050       0x90 CMakeFiles/new_project.elf.dir/F_/Files/Repos/BrutalistInstruments/YetAnotherExampleFolder/evkbimxrt1050_new_project/pin_mux.c.obj
 .debug_aranges
                0x000000e0       0x58 CMakeFiles/new_project.elf.dir/F_/Files/Repos/BrutalistInstruments/YetAnotherExampleFolder/evkbimxrt1050_new_project/board.c.obj
 .debug_aranges
                0x00000138       0x80 CMakeFiles/new_project.elf.dir/F_/Files/Repos/BrutalistInstruments/YetAnotherExampleFolder/evkbimxrt1050_new_project/clock_config.c.obj
 .debug_aranges
                0x000001b8       0x58 CMakeFiles/new_project.elf.dir/F_/Files/Repos/BrutalistInstruments/ExampleNXP/ExampleArchiveTarget/components/uart/fsl_adapter_lpuart.c.obj
 .debug_aranges
                0x00000210       0xa0 CMakeFiles/new_project.elf.dir/39572e0520b83c42fd8c8d413680248b/ExampleArchiveTarget/components/serial_manager/fsl_component_serial_manager.c.obj
 .debug_aranges
                0x000002b0       0x48 CMakeFiles/new_project.elf.dir/39572e0520b83c42fd8c8d413680248b/ExampleArchiveTarget/components/serial_manager/fsl_component_serial_port_uart.c.obj
 .debug_aranges
                0x000002f8       0x20 CMakeFiles/new_project.elf.dir/F_/Files/Repos/BrutalistInstruments/ExampleNXP/ExampleArchiveTarget/devices/MIMXRT1052/gcc/startup_MIMXRT1052.S.obj
 .debug_aranges
                0x00000318       0x30 CMakeFiles/new_project.elf.dir/F_/Files/Repos/BrutalistInstruments/ExampleNXP/ExampleArchiveTarget/devices/MIMXRT1052/system_MIMXRT1052.c.obj
 .debug_aranges
                0x00000348      0x1b0 CMakeFiles/new_project.elf.dir/F_/Files/Repos/BrutalistInstruments/ExampleNXP/ExampleArchiveTarget/devices/MIMXRT1052/drivers/fsl_clock.c.obj
 .debug_aranges
                0x000004f8      0x1a8 CMakeFiles/new_project.elf.dir/F_/Files/Repos/BrutalistInstruments/ExampleNXP/ExampleArchiveTarget/devices/MIMXRT1052/drivers/fsl_lpuart.c.obj
 .debug_aranges
                0x000006a0       0x20 CMakeFiles/new_project.elf.dir/F_/Files/Repos/BrutalistInstruments/ExampleNXP/ExampleArchiveTarget/devices/MIMXRT1052/utilities/fsl_memcpy.S.obj
 .debug_aranges
                0x000006c0       0x28 CMakeFiles/new_project.elf.dir/F_/Files/Repos/BrutalistInstruments/ExampleNXP/ExampleArchiveTarget/devices/MIMXRT1052/utilities/fsl_assert.c.obj
 .debug_aranges
                0x000006e8       0xe8 CMakeFiles/new_project.elf.dir/F_/Files/Repos/BrutalistInstruments/ExampleNXP/ExampleArchiveTarget/devices/MIMXRT1052/utilities/str/fsl_str.c.obj
 .debug_aranges
                0x000007d0       0xa8 CMakeFiles/new_project.elf.dir/1e21db0b2d35ea1dce73595b392aafc6/devices/MIMXRT1052/utilities/debug_console/fsl_debug_console.c.obj
 .debug_aranges
                0x00000878       0x20 c:/nxp/mcuxpressoide_11.9.0_2144/ide/tools/bin/../lib/gcc/arm-none-eabi/12.3.1/../../../../arm-none-eabi/lib/thumb/v7e-m+dp/hard\libcr_newlib_nohost.a(_exit.o)

.debug_rnglists
                0x00000000      0x63d
 .debug_rnglists
                0x00000000       0x39 CMakeFiles/new_project.elf.dir/F_/Files/Repos/BrutalistInstruments/YetAnotherExampleFolder/evkbimxrt1050_new_project/main.c.obj
 .debug_rnglists
                0x00000039       0x6d CMakeFiles/new_project.elf.dir/F_/Files/Repos/BrutalistInstruments/YetAnotherExampleFolder/evkbimxrt1050_new_project/pin_mux.c.obj
 .debug_rnglists
                0x000000a6       0x3e CMakeFiles/new_project.elf.dir/F_/Files/Repos/BrutalistInstruments/YetAnotherExampleFolder/evkbimxrt1050_new_project/board.c.obj
 .debug_rnglists
                0x000000e4       0x5f CMakeFiles/new_project.elf.dir/F_/Files/Repos/BrutalistInstruments/YetAnotherExampleFolder/evkbimxrt1050_new_project/clock_config.c.obj
 .debug_rnglists
                0x00000143       0x41 CMakeFiles/new_project.elf.dir/F_/Files/Repos/BrutalistInstruments/ExampleNXP/ExampleArchiveTarget/components/uart/fsl_adapter_lpuart.c.obj
 .debug_rnglists
                0x00000184       0x73 CMakeFiles/new_project.elf.dir/39572e0520b83c42fd8c8d413680248b/ExampleArchiveTarget/components/serial_manager/fsl_component_serial_manager.c.obj
 .debug_rnglists
                0x000001f7       0x31 CMakeFiles/new_project.elf.dir/39572e0520b83c42fd8c8d413680248b/ExampleArchiveTarget/components/serial_manager/fsl_component_serial_port_uart.c.obj
 .debug_rnglists
                0x00000228       0x21 CMakeFiles/new_project.elf.dir/F_/Files/Repos/BrutalistInstruments/ExampleNXP/ExampleArchiveTarget/devices/MIMXRT1052/system_MIMXRT1052.c.obj
 .debug_rnglists
                0x00000249      0x14c CMakeFiles/new_project.elf.dir/F_/Files/Repos/BrutalistInstruments/ExampleNXP/ExampleArchiveTarget/devices/MIMXRT1052/drivers/fsl_clock.c.obj
 .debug_rnglists
                0x00000395      0x149 CMakeFiles/new_project.elf.dir/F_/Files/Repos/BrutalistInstruments/ExampleNXP/ExampleArchiveTarget/devices/MIMXRT1052/drivers/fsl_lpuart.c.obj
 .debug_rnglists
                0x000004de       0x19 CMakeFiles/new_project.elf.dir/F_/Files/Repos/BrutalistInstruments/ExampleNXP/ExampleArchiveTarget/devices/MIMXRT1052/utilities/fsl_assert.c.obj
 .debug_rnglists
                0x000004f7       0xca CMakeFiles/new_project.elf.dir/F_/Files/Repos/BrutalistInstruments/ExampleNXP/ExampleArchiveTarget/devices/MIMXRT1052/utilities/str/fsl_str.c.obj
 .debug_rnglists
                0x000005c1       0x7c CMakeFiles/new_project.elf.dir/1e21db0b2d35ea1dce73595b392aafc6/devices/MIMXRT1052/utilities/debug_console/fsl_debug_console.c.obj

.debug_line     0x00000000     0x651a
 .debug_line    0x00000000      0x4f1 CMakeFiles/new_project.elf.dir/F_/Files/Repos/BrutalistInstruments/YetAnotherExampleFolder/evkbimxrt1050_new_project/main.c.obj
 .debug_line    0x000004f1      0x4f7 CMakeFiles/new_project.elf.dir/F_/Files/Repos/BrutalistInstruments/YetAnotherExampleFolder/evkbimxrt1050_new_project/pin_mux.c.obj
 .debug_line    0x000009e8      0x7c8 CMakeFiles/new_project.elf.dir/F_/Files/Repos/BrutalistInstruments/YetAnotherExampleFolder/evkbimxrt1050_new_project/board.c.obj
 .debug_line    0x000011b0      0x8ab CMakeFiles/new_project.elf.dir/F_/Files/Repos/BrutalistInstruments/YetAnotherExampleFolder/evkbimxrt1050_new_project/clock_config.c.obj
 .debug_line    0x00001a5b      0x418 CMakeFiles/new_project.elf.dir/F_/Files/Repos/BrutalistInstruments/ExampleNXP/ExampleArchiveTarget/components/uart/fsl_adapter_lpuart.c.obj
 .debug_line    0x00001e73      0x5f9 CMakeFiles/new_project.elf.dir/39572e0520b83c42fd8c8d413680248b/ExampleArchiveTarget/components/serial_manager/fsl_component_serial_manager.c.obj
 .debug_line    0x0000246c      0x2bc CMakeFiles/new_project.elf.dir/39572e0520b83c42fd8c8d413680248b/ExampleArchiveTarget/components/serial_manager/fsl_component_serial_port_uart.c.obj
 .debug_line    0x00002728      0x19d CMakeFiles/new_project.elf.dir/F_/Files/Repos/BrutalistInstruments/ExampleNXP/ExampleArchiveTarget/devices/MIMXRT1052/gcc/startup_MIMXRT1052.S.obj
 .debug_line    0x000028c5      0x41b CMakeFiles/new_project.elf.dir/F_/Files/Repos/BrutalistInstruments/ExampleNXP/ExampleArchiveTarget/devices/MIMXRT1052/system_MIMXRT1052.c.obj
 .debug_line    0x00002ce0     0x1019 CMakeFiles/new_project.elf.dir/F_/Files/Repos/BrutalistInstruments/ExampleNXP/ExampleArchiveTarget/devices/MIMXRT1052/drivers/fsl_clock.c.obj
 .debug_line    0x00003cf9     0x1451 CMakeFiles/new_project.elf.dir/F_/Files/Repos/BrutalistInstruments/ExampleNXP/ExampleArchiveTarget/devices/MIMXRT1052/drivers/fsl_lpuart.c.obj
 .debug_line    0x0000514a       0x88 CMakeFiles/new_project.elf.dir/F_/Files/Repos/BrutalistInstruments/ExampleNXP/ExampleArchiveTarget/devices/MIMXRT1052/utilities/fsl_memcpy.S.obj
 .debug_line    0x000051d2      0x194 CMakeFiles/new_project.elf.dir/F_/Files/Repos/BrutalistInstruments/ExampleNXP/ExampleArchiveTarget/devices/MIMXRT1052/utilities/fsl_assert.c.obj
 .debug_line    0x00005366      0xa55 CMakeFiles/new_project.elf.dir/F_/Files/Repos/BrutalistInstruments/ExampleNXP/ExampleArchiveTarget/devices/MIMXRT1052/utilities/str/fsl_str.c.obj
 .debug_line    0x00005dbb      0x713 CMakeFiles/new_project.elf.dir/1e21db0b2d35ea1dce73595b392aafc6/devices/MIMXRT1052/utilities/debug_console/fsl_debug_console.c.obj
 .debug_line    0x000064ce       0x4c c:/nxp/mcuxpressoide_11.9.0_2144/ide/tools/bin/../lib/gcc/arm-none-eabi/12.3.1/../../../../arm-none-eabi/lib/thumb/v7e-m+dp/hard\libcr_newlib_nohost.a(_exit.o)

.debug_str      0x00000000     0x7d19
 .debug_str     0x00000000     0x1d34 CMakeFiles/new_project.elf.dir/F_/Files/Repos/BrutalistInstruments/YetAnotherExampleFolder/evkbimxrt1050_new_project/main.c.obj
                               0x1d96 (size before relaxing)
 .debug_str     0x00001d34      0x8a2 CMakeFiles/new_project.elf.dir/F_/Files/Repos/BrutalistInstruments/YetAnotherExampleFolder/evkbimxrt1050_new_project/pin_mux.c.obj
                                0xba8 (size before relaxing)
 .debug_str     0x000025d6      0x4ab CMakeFiles/new_project.elf.dir/F_/Files/Repos/BrutalistInstruments/YetAnotherExampleFolder/evkbimxrt1050_new_project/board.c.obj
                                0xcbe (size before relaxing)
 .debug_str     0x00002a81      0x87a CMakeFiles/new_project.elf.dir/F_/Files/Repos/BrutalistInstruments/YetAnotherExampleFolder/evkbimxrt1050_new_project/clock_config.c.obj
                               0x2262 (size before relaxing)
 .debug_str     0x000032fb      0x7ff CMakeFiles/new_project.elf.dir/F_/Files/Repos/BrutalistInstruments/ExampleNXP/ExampleArchiveTarget/components/uart/fsl_adapter_lpuart.c.obj
                               0x148f (size before relaxing)
 .debug_str     0x00003afa      0x733 CMakeFiles/new_project.elf.dir/39572e0520b83c42fd8c8d413680248b/ExampleArchiveTarget/components/serial_manager/fsl_component_serial_manager.c.obj
                               0x14af (size before relaxing)
 .debug_str     0x0000422d       0xd4 CMakeFiles/new_project.elf.dir/39572e0520b83c42fd8c8d413680248b/ExampleArchiveTarget/components/serial_manager/fsl_component_serial_port_uart.c.obj
                                0x7a6 (size before relaxing)
 .debug_str     0x00004301     0x11d3 CMakeFiles/new_project.elf.dir/F_/Files/Repos/BrutalistInstruments/ExampleNXP/ExampleArchiveTarget/devices/MIMXRT1052/gcc/startup_MIMXRT1052.S.obj
                               0x1246 (size before relaxing)
 .debug_str     0x000054d4       0xcb CMakeFiles/new_project.elf.dir/F_/Files/Repos/BrutalistInstruments/ExampleNXP/ExampleArchiveTarget/devices/MIMXRT1052/system_MIMXRT1052.c.obj
                                0x805 (size before relaxing)
 .debug_str     0x0000559f      0xfd4 CMakeFiles/new_project.elf.dir/F_/Files/Repos/BrutalistInstruments/ExampleNXP/ExampleArchiveTarget/devices/MIMXRT1052/drivers/fsl_clock.c.obj
                               0x272c (size before relaxing)
 .debug_str     0x00006573      0xc70 CMakeFiles/new_project.elf.dir/F_/Files/Repos/BrutalistInstruments/ExampleNXP/ExampleArchiveTarget/devices/MIMXRT1052/drivers/fsl_lpuart.c.obj
                               0x30cf (size before relaxing)
 .debug_str     0x000071e3       0x6e CMakeFiles/new_project.elf.dir/F_/Files/Repos/BrutalistInstruments/ExampleNXP/ExampleArchiveTarget/devices/MIMXRT1052/utilities/fsl_memcpy.S.obj
                                 0xdf (size before relaxing)
 .debug_str     0x00007251       0x93 CMakeFiles/new_project.elf.dir/F_/Files/Repos/BrutalistInstruments/ExampleNXP/ExampleArchiveTarget/devices/MIMXRT1052/utilities/fsl_assert.c.obj
                                0x298 (size before relaxing)
 .debug_str     0x000072e4      0x452 CMakeFiles/new_project.elf.dir/F_/Files/Repos/BrutalistInstruments/ExampleNXP/ExampleArchiveTarget/devices/MIMXRT1052/utilities/str/fsl_str.c.obj
                                0x68d (size before relaxing)
 .debug_str     0x00007736      0x478 CMakeFiles/new_project.elf.dir/1e21db0b2d35ea1dce73595b392aafc6/devices/MIMXRT1052/utilities/debug_console/fsl_debug_console.c.obj
                               0x160c (size before relaxing)
 .debug_str     0x00007bae      0x16b c:/nxp/mcuxpressoide_11.9.0_2144/ide/tools/bin/../lib/gcc/arm-none-eabi/12.3.1/../../../../arm-none-eabi/lib/thumb/v7e-m+dp/hard\libcr_newlib_nohost.a(_exit.o)

.comment        0x00000000       0x45
 .comment       0x00000000       0x45 CMakeFiles/new_project.elf.dir/F_/Files/Repos/BrutalistInstruments/YetAnotherExampleFolder/evkbimxrt1050_new_project/main.c.obj
                                 0x46 (size before relaxing)
 .comment       0x00000045       0x46 CMakeFiles/new_project.elf.dir/F_/Files/Repos/BrutalistInstruments/YetAnotherExampleFolder/evkbimxrt1050_new_project/pin_mux.c.obj
 .comment       0x00000045       0x46 CMakeFiles/new_project.elf.dir/F_/Files/Repos/BrutalistInstruments/YetAnotherExampleFolder/evkbimxrt1050_new_project/board.c.obj
 .comment       0x00000045       0x46 CMakeFiles/new_project.elf.dir/F_/Files/Repos/BrutalistInstruments/YetAnotherExampleFolder/evkbimxrt1050_new_project/clock_config.c.obj
 .comment       0x00000045       0x46 CMakeFiles/new_project.elf.dir/F_/Files/Repos/BrutalistInstruments/ExampleNXP/ExampleArchiveTarget/components/uart/fsl_adapter_lpuart.c.obj
 .comment       0x00000045       0x46 CMakeFiles/new_project.elf.dir/39572e0520b83c42fd8c8d413680248b/ExampleArchiveTarget/components/serial_manager/fsl_component_serial_manager.c.obj
 .comment       0x00000045       0x46 CMakeFiles/new_project.elf.dir/39572e0520b83c42fd8c8d413680248b/ExampleArchiveTarget/components/serial_manager/fsl_component_serial_port_uart.c.obj
 .comment       0x00000045       0x46 CMakeFiles/new_project.elf.dir/F_/Files/Repos/BrutalistInstruments/ExampleNXP/ExampleArchiveTarget/devices/MIMXRT1052/system_MIMXRT1052.c.obj
 .comment       0x00000045       0x46 CMakeFiles/new_project.elf.dir/F_/Files/Repos/BrutalistInstruments/ExampleNXP/ExampleArchiveTarget/devices/MIMXRT1052/drivers/fsl_clock.c.obj
 .comment       0x00000045       0x46 CMakeFiles/new_project.elf.dir/F_/Files/Repos/BrutalistInstruments/ExampleNXP/ExampleArchiveTarget/devices/MIMXRT1052/drivers/fsl_lpuart.c.obj
 .comment       0x00000045       0x46 CMakeFiles/new_project.elf.dir/F_/Files/Repos/BrutalistInstruments/ExampleNXP/ExampleArchiveTarget/devices/MIMXRT1052/utilities/fsl_assert.c.obj
 .comment       0x00000045       0x46 CMakeFiles/new_project.elf.dir/F_/Files/Repos/BrutalistInstruments/ExampleNXP/ExampleArchiveTarget/devices/MIMXRT1052/utilities/str/fsl_str.c.obj
 .comment       0x00000045       0x46 CMakeFiles/new_project.elf.dir/1e21db0b2d35ea1dce73595b392aafc6/devices/MIMXRT1052/utilities/debug_console/fsl_debug_console.c.obj
 .comment       0x00000045       0x46 c:/nxp/mcuxpressoide_11.9.0_2144/ide/tools/bin/../lib/gcc/arm-none-eabi/12.3.1/../../../../arm-none-eabi/lib/thumb/v7e-m+dp/hard\libcr_newlib_nohost.a(_exit.o)

.debug_frame    0x00000000     0x2358
 .debug_frame   0x00000000      0x108 CMakeFiles/new_project.elf.dir/F_/Files/Repos/BrutalistInstruments/YetAnotherExampleFolder/evkbimxrt1050_new_project/main.c.obj
 .debug_frame   0x00000108      0x22c CMakeFiles/new_project.elf.dir/F_/Files/Repos/BrutalistInstruments/YetAnotherExampleFolder/evkbimxrt1050_new_project/pin_mux.c.obj
 .debug_frame   0x00000334      0x13c CMakeFiles/new_project.elf.dir/F_/Files/Repos/BrutalistInstruments/YetAnotherExampleFolder/evkbimxrt1050_new_project/board.c.obj
 .debug_frame   0x00000470      0x1fc CMakeFiles/new_project.elf.dir/F_/Files/Repos/BrutalistInstruments/YetAnotherExampleFolder/evkbimxrt1050_new_project/clock_config.c.obj
 .debug_frame   0x0000066c      0x138 CMakeFiles/new_project.elf.dir/F_/Files/Repos/BrutalistInstruments/ExampleNXP/ExampleArchiveTarget/components/uart/fsl_adapter_lpuart.c.obj
 .debug_frame   0x000007a4      0x280 CMakeFiles/new_project.elf.dir/39572e0520b83c42fd8c8d413680248b/ExampleArchiveTarget/components/serial_manager/fsl_component_serial_manager.c.obj
 .debug_frame   0x00000a24       0xe8 CMakeFiles/new_project.elf.dir/39572e0520b83c42fd8c8d413680248b/ExampleArchiveTarget/components/serial_manager/fsl_component_serial_port_uart.c.obj
 .debug_frame   0x00000b0c       0x7c CMakeFiles/new_project.elf.dir/F_/Files/Repos/BrutalistInstruments/ExampleNXP/ExampleArchiveTarget/devices/MIMXRT1052/system_MIMXRT1052.c.obj
 .debug_frame   0x00000b88      0x748 CMakeFiles/new_project.elf.dir/F_/Files/Repos/BrutalistInstruments/ExampleNXP/ExampleArchiveTarget/devices/MIMXRT1052/drivers/fsl_clock.c.obj
 .debug_frame   0x000012d0      0x710 CMakeFiles/new_project.elf.dir/F_/Files/Repos/BrutalistInstruments/ExampleNXP/ExampleArchiveTarget/devices/MIMXRT1052/drivers/fsl_lpuart.c.obj
 .debug_frame   0x000019e0       0x58 CMakeFiles/new_project.elf.dir/F_/Files/Repos/BrutalistInstruments/ExampleNXP/ExampleArchiveTarget/devices/MIMXRT1052/utilities/fsl_assert.c.obj
 .debug_frame   0x00001a38      0x414 CMakeFiles/new_project.elf.dir/F_/Files/Repos/BrutalistInstruments/ExampleNXP/ExampleArchiveTarget/devices/MIMXRT1052/utilities/str/fsl_str.c.obj
 .debug_frame   0x00001e4c      0x2d4 CMakeFiles/new_project.elf.dir/1e21db0b2d35ea1dce73595b392aafc6/devices/MIMXRT1052/utilities/debug_console/fsl_debug_console.c.obj
 .debug_frame   0x00002120       0x2c c:/nxp/mcuxpressoide_11.9.0_2144/ide/tools/bin/../lib/gcc/arm-none-eabi/12.3.1/thumb/v7e-m+dp/hard\libgcc.a(_aeabi_uldivmod.o)
 .debug_frame   0x0000214c       0x34 c:/nxp/mcuxpressoide_11.9.0_2144/ide/tools/bin/../lib/gcc/arm-none-eabi/12.3.1/thumb/v7e-m+dp/hard\libgcc.a(_udivmoddi4.o)
 .debug_frame   0x00002180       0x28 c:/nxp/mcuxpressoide_11.9.0_2144/ide/tools/bin/../lib/gcc/arm-none-eabi/12.3.1/thumb/v7e-m+dp/hard\libc_nano.a(libc_a-exit.o)
 .debug_frame   0x000021a8      0x144 c:/nxp/mcuxpressoide_11.9.0_2144/ide/tools/bin/../lib/gcc/arm-none-eabi/12.3.1/thumb/v7e-m+dp/hard\libc_nano.a(libc_a-findfp.o)
 .debug_frame   0x000022ec       0x20 c:/nxp/mcuxpressoide_11.9.0_2144/ide/tools/bin/../lib/gcc/arm-none-eabi/12.3.1/thumb/v7e-m+dp/hard\libc_nano.a(libc_a-memset.o)
 .debug_frame   0x0000230c       0x2c c:/nxp/mcuxpressoide_11.9.0_2144/ide/tools/bin/../lib/gcc/arm-none-eabi/12.3.1/thumb/v7e-m+dp/hard\libc_nano.a(libc_a-init.o)
 .debug_frame   0x00002338       0x20 c:/nxp/mcuxpressoide_11.9.0_2144/ide/tools/bin/../lib/gcc/arm-none-eabi/12.3.1/../../../../arm-none-eabi/lib/thumb/v7e-m+dp/hard\libcr_newlib_nohost.a(_exit.o)

.debug_loc      0x00000000       0x15
 .debug_loc     0x00000000       0x15 c:/nxp/mcuxpressoide_11.9.0_2144/ide/tools/bin/../lib/gcc/arm-none-eabi/12.3.1/../../../../arm-none-eabi/lib/thumb/v7e-m+dp/hard\libcr_newlib_nohost.a(_exit.o)

.debug_ranges   0x00000000       0x10
 .debug_ranges  0x00000000       0x10 c:/nxp/mcuxpressoide_11.9.0_2144/ide/tools/bin/../lib/gcc/arm-none-eabi/12.3.1/../../../../arm-none-eabi/lib/thumb/v7e-m+dp/hard\libcr_newlib_nohost.a(_exit.o)
